Component: ARM Compiler 5.05 update 1 (build 106) Tool: armlink [4d0efa]

==============================================================================

Section Cross References

    startup_stm32f407xx.o(STACK) refers (Special) to heapauxi.o(.text) for __use_two_region_memory
    startup_stm32f407xx.o(HEAP) refers (Special) to heapauxi.o(.text) for __use_two_region_memory
    startup_stm32f407xx.o(RESET) refers (Special) to heapauxi.o(.text) for __use_two_region_memory
    startup_stm32f407xx.o(RESET) refers to startup_stm32f407xx.o(STACK) for __initial_sp
    startup_stm32f407xx.o(RESET) refers to startup_stm32f407xx.o(.text) for Reset_Handler
    startup_stm32f407xx.o(RESET) refers to stm32f4xx_it.o(i.NMI_Handler) for NMI_Handler
    startup_stm32f407xx.o(RESET) refers to stm32f4xx_it.o(i.HardFault_Handler) for HardFault_Handler
    startup_stm32f407xx.o(RESET) refers to stm32f4xx_it.o(i.MemManage_Handler) for MemManage_Handler
    startup_stm32f407xx.o(RESET) refers to stm32f4xx_it.o(i.BusFault_Handler) for BusFault_Handler
    startup_stm32f407xx.o(RESET) refers to stm32f4xx_it.o(i.UsageFault_Handler) for UsageFault_Handler
    startup_stm32f407xx.o(RESET) refers to stm32f4xx_it.o(i.SVC_Handler) for SVC_Handler
    startup_stm32f407xx.o(RESET) refers to stm32f4xx_it.o(i.DebugMon_Handler) for DebugMon_Handler
    startup_stm32f407xx.o(RESET) refers to stm32f4xx_it.o(i.PendSV_Handler) for PendSV_Handler
    startup_stm32f407xx.o(RESET) refers to stm32f4xx_it.o(i.SysTick_Handler) for SysTick_Handler
    startup_stm32f407xx.o(RESET) refers to exti.o(i.EXTI0_IRQHandler) for EXTI0_IRQHandler
    startup_stm32f407xx.o(RESET) refers to exti.o(i.EXTI2_IRQHandler) for EXTI2_IRQHandler
    startup_stm32f407xx.o(RESET) refers to exti.o(i.EXTI3_IRQHandler) for EXTI3_IRQHandler
    startup_stm32f407xx.o(RESET) refers to exti.o(i.EXTI4_IRQHandler) for EXTI4_IRQHandler
    startup_stm32f407xx.o(RESET) refers to i2s.o(i.DMA1_Stream4_IRQHandler) for DMA1_Stream4_IRQHandler
    startup_stm32f407xx.o(RESET) refers to usmart_port.o(i.TIM4_IRQHandler) for TIM4_IRQHandler
    startup_stm32f407xx.o(RESET) refers to usart.o(i.USART1_IRQHandler) for USART1_IRQHandler
    startup_stm32f407xx.o(RESET) refers to game.o(i.TIM5_IRQHandler) for TIM5_IRQHandler
    startup_stm32f407xx.o(.text) refers (Special) to heapauxi.o(.text) for __use_two_region_memory
    startup_stm32f407xx.o(.text) refers to system_stm32f4xx.o(i.SystemInit) for SystemInit
    startup_stm32f407xx.o(.text) refers to __main.o(!!!main) for __main
    startup_stm32f407xx.o(.text) refers to startup_stm32f407xx.o(HEAP) for Heap_Mem
    startup_stm32f407xx.o(.text) refers to startup_stm32f407xx.o(STACK) for Stack_Mem
    main.o(i.choose_menu) refers to key.o(i.key_scan) for key_scan
    main.o(i.choose_menu) refers to lcd.o(i.lcd_clear) for lcd_clear
    main.o(i.choose_menu) refers to game.o(i.display_menu) for display_menu
    main.o(i.choose_menu) refers to main.o(.data) for .data
    main.o(i.main) refers to stm32f4xx_hal.o(i.HAL_Init) for HAL_Init
    main.o(i.main) refers to sys.o(i.sys_stm32_clock_init) for sys_stm32_clock_init
    main.o(i.main) refers to delay.o(i.delay_init) for delay_init
    main.o(i.main) refers to usart.o(i.usart_init) for usart_init
    main.o(i.main) refers to led.o(i.led_init) for led_init
    main.o(i.main) refers to lcd.o(i.lcd_init) for lcd_init
    main.o(i.main) refers to key.o(i.key_init) for key_init
    main.o(i.main) refers to exti.o(i.extix_init) for extix_init
    main.o(i.main) refers to beep.o(i.beep_init) for beep_init
    main.o(i.main) refers to sram.o(i.sram_init) for sram_init
    main.o(i.main) refers to norflash.o(i.norflash_init) for norflash_init
    main.o(i.main) refers to tpad.o(i.tpad_init) for tpad_init
    main.o(i.main) refers to game.o(i.gtim_timx_int_init) for gtim_timx_int_init
    main.o(i.main) refers to malloc.o(i.my_mem_init) for my_mem_init
    main.o(i.main) refers to exfuns.o(i.exfuns_init) for exfuns_init
    main.o(i.main) refers to ff.o(i.f_mount) for f_mount
    main.o(i.main) refers to lcd.o(i.lcd_clear) for lcd_clear
    main.o(i.main) refers to lcd.o(i.lcd_show_string) for lcd_show_string
    main.o(i.main) refers to delay.o(i.delay_ms) for delay_ms
    main.o(i.main) refers to lcd.o(i.lcd_fill) for lcd_fill
    main.o(i.main) refers to sdio_sdcard.o(i.sd_init) for sd_init
    main.o(i.main) refers to fonts.o(i.fonts_update_font) for fonts_update_font
    main.o(i.main) refers to fonts.o(i.fonts_init) for fonts_init
    main.o(i.main) refers to piclib.o(i.piclib_init) for piclib_init
    main.o(i.main) refers to piclib.o(i.piclib_ai_load_picfile) for piclib_ai_load_picfile
    main.o(i.main) refers to text.o(i.text_show_string) for text_show_string
    main.o(i.main) refers to text.o(i.text_show_string_middle) for text_show_string_middle
    main.o(i.main) refers to key.o(i.key_scan) for key_scan
    main.o(i.main) refers to tpad.o(i.tpad_scan) for tpad_scan
[...]
    TIM_TI1_SetConfig                        0x08003a39   Thumb Code   100  stm32f4xx_hal_tim.o(i.TIM_TI1_SetConfig)
    UART_Start_Receive_IT                    0x08003ce9   Thumb Code    54  stm32f4xx_hal_uart.o(i.UART_Start_Receive_IT)
    USART1_IRQHandler                        0x08003d21   Thumb Code     6  usart.o(i.USART1_IRQHandler)
    UsageFault_Handler                       0x08003d2d   Thumb Code     2  stm32f4xx_it.o(i.UsageFault_Handler)
    _is_digit                                0x08003d4f   Thumb Code    14  __printf_wp.o(i._is_digit)
    _sys_exit                                0x08003d5d   Thumb Code     2  usart.o(i._sys_exit)
    beep_init                                0x08003d81   Thumb Code    62  beep.o(i.beep_init)
    body                                     0x08004011   Thumb Code     8  game.o(i.body)
    choose_menu                              0x08004189   Thumb Code   158  main.o(i.choose_menu)
    delay_init                               0x080048ed   Thumb Code     6  delay.o(i.delay_init)
    delay_ms                                 0x080048f9   Thumb Code    10  delay.o(i.delay_ms)
    delay_us                                 0x08004905   Thumb Code    48  delay.o(i.delay_us)
    di                                       0x08004939   Thumb Code    32  beep.o(i.di)
    di_close                                 0x0800495d   Thumb Code    66  game.o(i.di_close)
    di_open                                  0x080049b5   Thumb Code    66  game.o(i.di_open)
    dir_sdi                                  0x0800504d   Thumb Code   150  ff.o(i.dir_sdi)
    disk_initialize                          0x080050e3   Thumb Code    28  diskio.o(i.disk_initialize)
    disk_ioctl                               0x08005101   Thumb Code    86  diskio.o(i.disk_ioctl)
    disk_read                                0x0800515d   Thumb Code    82  diskio.o(i.disk_read)
    disk_status                              0x080051af   Thumb Code     4  diskio.o(i.disk_status)
    disk_write                               0x080051b3   Thumb Code    82  diskio.o(i.disk_write)
    display_menu                             0x08005205   Thumb Code    96  game.o(i.display_menu)
    easy_mode                                0x08005269   Thumb Code    70  game.o(i.easy_mode)
    exfuns_char_upper                        0x080052c5   Thumb Code    14  exfuns.o(i.exfuns_char_upper)
    exfuns_file_type                         0x080052d5   Thumb Code   138  exfuns.o(i.exfuns_file_type)
    exfuns_init                              0x08005365   Thumb Code    48  exfuns.o(i.exfuns_init)
    extix_init                               0x08005399   Thumb Code   148  exti.o(i.extix_init)
    f_close                                  0x0800543d   Thumb Code    28  ff.o(i.f_close)
    f_lseek                                  0x08005459   Thumb Code   774  ff.o(i.f_lseek)
    f_mount                                  0x08005761   Thumb Code    66  ff.o(i.f_mount)
    f_open                                   0x080057a9   Thumb Code   678  ff.o(i.f_open)
    f_opendir                                0x08005a4f   Thumb Code   182  ff.o(i.f_opendir)
    f_read                                   0x08005b05   Thumb Code   390  ff.o(i.f_read)
    f_readdir                                0x08005c8b   Thumb Code   108  ff.o(i.f_readdir)
    f_sync                                   0x08005cf7   Thumb Code   358  ff.o(i.f_sync)
    ff_memalloc                              0x08005e5d   Thumb Code     8  ffsystem.o(i.ff_memalloc)
    ff_memfree                               0x08005e65   Thumb Code     8  ffsystem.o(i.ff_memfree)
    ff_oem2uni                               0x08005e6d   Thumb Code   106  myffunicode.o(i.ff_oem2uni)
    ff_uni2oem                               0x08005edd   Thumb Code   106  myffunicode.o(i.ff_uni2oem)
    ff_wtoupper                              0x08005f4d   Thumb Code   128  myffunicode.o(i.ff_wtoupper)
    fonts_init                               0x08006161   Thumb Code    54  fonts.o(i.fonts_init)
    fonts_update_font                        0x08006225   Thumb Code   418  fonts.o(i.fonts_update_font)
    food                                     0x080064d9   Thumb Code    12  game.o(i.food)
    fputc                                    0x080064e5   Thumb Code    14  usart.o(i.fputc)
    game_over                                0x080064f9   Thumb Code    82  game.o(i.game_over)
    game_start                               0x08006555   Thumb Code   342  game.o(i.game_start)
    get_fattime                              0x0800691d   Thumb Code     4  ffsystem.o(i.get_fattime)
    get_sd_card_state                        0x08006b2d   Thumb Code    20  sdio_sdcard.o(i.get_sd_card_state)
    gif_decode                               0x08006c91   Thumb Code   334  gif.o(i.gif_decode)
    gif_getinfo                              0x080071a7   Thumb Code    54  gif.o(i.gif_getinfo)
    gtim_timx_int_init                       0x08007611   Thumb Code    66  game.o(i.gtim_timx_int_init)
    hard_mode                                0x08007661   Thumb Code    70  game.o(i.hard_mode)
    head                                     0x080076bd   Thumb Code    12  game.o(i.head)
    intro                                    0x08007809   Thumb Code   116  game.o(i.intro)
    jd_decomp                                0x080078b9   Thumb Code   130  tjpgd.o(i.jd_decomp)
    jd_prepare                               0x0800793d   Thumb Code   702  tjpgd.o(i.jd_prepare)
    jpg_decode                               0x08007d69   Thumb Code   180  tjpgd.o(i.jpg_decode)
    key_init                                 0x08007e31   Thumb Code   146  key.o(i.key_init)
    key_scan                                 0x08007ed1   Thumb Code   186  key.o(i.key_scan)
    lcd_clear                                0x08007f99   Thumb Code    44  lcd.o(i.lcd_clear)
    lcd_color_fill                           0x08007fc9   Thumb Code    88  lcd.o(i.lcd_color_fill)
    lcd_display_dir                          0x08008021   Thumb Code   230  lcd.o(i.lcd_display_dir)
    lcd_draw_hline                           0x0800810d   Thumb Code    36  lcd.o(i.lcd_draw_hline)
    lcd_draw_line                            0x08008135   Thumb Code   156  lcd.o(i.lcd_draw_line)
    lcd_draw_point                           0x080081d1   Thumb Code    22  lcd.o(i.lcd_draw_point)
    lcd_draw_rectangle                       0x080081e7   Thumb Code    68  lcd.o(i.lcd_draw_rectangle)
    lcd_ex_ili9341_reginit                   0x0800822b   Thumb Code   558  lcd.o(i.lcd_ex_ili9341_reginit)
    lcd_ex_ili9806_reginit                   0x08008459   Thumb Code   834  lcd.o(i.lcd_ex_ili9806_reginit)
    lcd_ex_nt35310_reginit                   0x0800879b   Thumb Code  3828  lcd.o(i.lcd_ex_nt35310_reginit)
    lcd_ex_nt35510_reginit                   0x0800968f   Thumb Code  3834  lcd.o(i.lcd_ex_nt35510_reginit)
    lcd_ex_ssd1963_reginit                   0x0800a589   Thumb Code   368  lcd.o(i.lcd_ex_ssd1963_reginit)
    lcd_ex_st7789_reginit                    0x0800a6f9   Thumb Code   426  lcd.o(i.lcd_ex_st7789_reginit)
    lcd_ex_st7796_reginit                    0x0800a8a3   Thumb Code   456  lcd.o(i.lcd_ex_st7796_reginit)
    lcd_fill                                 0x0800aa6d   Thumb Code    72  lcd.o(i.lcd_fill)
    lcd_init                                 0x0800aab5   Thumb Code   864  lcd.o(i.lcd_init)
    lcd_read_point                           0x0800ae69   Thumb Code   110  lcd.o(i.lcd_read_point)
    lcd_scan_dir                             0x0800aedd   Thumb Code   380  lcd.o(i.lcd_scan_dir)
    lcd_set_cursor                           0x0800b05d   Thumb Code   238  lcd.o(i.lcd_set_cursor)
    lcd_show_char                            0x0800b151   Thumb Code   196  lcd.o(i.lcd_show_char)
    lcd_show_num                             0x0800b22d   Thumb Code   114  lcd.o(i.lcd_show_num)
    lcd_show_string                          0x0800b29f   Thumb Code    86  lcd.o(i.lcd_show_string)
    lcd_show_xnum                            0x0800b2f5   Thumb Code   138  lcd.o(i.lcd_show_xnum)
    lcd_ssd_backlight_set                    0x0800b381   Thumb Code    72  lcd.o(i.lcd_ssd_backlight_set)
    lcd_wr_data                              0x0800b3d1   Thumb Code    24  lcd.o(i.lcd_wr_data)
    lcd_wr_regno                             0x0800b3e9   Thumb Code    24  lcd.o(i.lcd_wr_regno)
    lcd_write_ram_prepare                    0x0800b401   Thumb Code    14  lcd.o(i.lcd_write_ram_prepare)
    lcd_write_reg                            0x0800b415   Thumb Code    12  lcd.o(i.lcd_write_reg)
    led_init                                 0x0800b4bd   Thumb Code   100  led.o(i.led_init)
    main                                     0x0800b635   Thumb Code   474  main.o(i.main)
    maopao                                   0x0800b8ad   Thumb Code    34  game.o(i.maopao)
    map_init                                 0x0800b8cf   Thumb Code    88  game.o(i.map_init)
    mf_free                                  0x0800bdbd   Thumb Code    26  fattester.o(i.mf_free)
    mf_init                                  0x0800bddd   Thumb Code    48  fattester.o(i.mf_init)
    mf_scan_files                            0x0800be11   Thumb Code    78  fattester.o(i.mf_scan_files)
    minibmp_decode                           0x0800be79   Thumb Code   750  bmp.o(i.minibmp_decode)
    my_mem_init                              0x0800c545   Thumb Code    36  malloc.o(i.my_mem_init)
    my_mem_perused                           0x0800c601   Thumb Code    50  malloc.o(i.my_mem_perused)
    my_mem_set                               0x0800c63d   Thumb Code    14  malloc.o(i.my_mem_set)
    myfree                                   0x0800c64d   Thumb Code    82  malloc.o(i.myfree)
    mymalloc                                 0x0800c6a9   Thumb Code    28  malloc.o(i.mymalloc)
    norflash_erase_sector                    0x0800c6c9   Thumb Code    58  norflash.o(i.norflash_erase_sector)
    norflash_init                            0x0800c709   Thumb Code   140  norflash.o(i.norflash_init)
    norflash_read                            0x0800c7a1   Thumb Code    74  norflash.o(i.norflash_read)
    norflash_read_id                         0x0800c7f1   Thumb Code    72  norflash.o(i.norflash_read_id)
    norflash_read_sr                         0x0800c83d   Thumb Code    68  norflash.o(i.norflash_read_sr)
    norflash_write                           0x0800c8c9   Thumb Code   152  norflash.o(i.norflash_write)
    norflash_write_enable                    0x0800c965   Thumb Code    38  norflash.o(i.norflash_write_enable)
    norflash_write_sr                        0x0800ca11   Thumb Code    70  norflash.o(i.norflash_write_sr)
    normal_mode                              0x0800ca5d   Thumb Code    70  game.o(i.normal_mode)
    piclib_ai_draw_init                      0x0800cb2d   Thumb Code   164  piclib.o(i.piclib_ai_draw_init)
    piclib_ai_load_picfile                   0x0800cbd9   Thumb Code   130  piclib.o(i.piclib_ai_load_picfile)
    piclib_alpha_blend                       0x0800cc61   Thumb Code    32  piclib.o(i.piclib_alpha_blend)
    piclib_init                              0x0800cc9d   Thumb Code    56  piclib.o(i.piclib_init)
    piclib_is_element_ok                     0x0800ccf1   Thumb Code    32  piclib.o(i.piclib_is_element_ok)
    piclib_mem_free                          0x0800cd15   Thumb Code     8  piclib.o(i.piclib_mem_free)
    piclib_mem_malloc                        0x0800cd1d   Thumb Code     8  piclib.o(i.piclib_mem_malloc)
    position                                 0x0800cd25   Thumb Code    46  lcd.o(i.position)
    position_body                            0x0800cd53   Thumb Code    80  lcd.o(i.position_body)
    position_clear                           0x0800cda3   Thumb Code    50  lcd.o(i.position_clear)
    ranking_show                             0x0800cef9   Thumb Code   284  game.o(i.ranking_show)
    read_addr                                0x0800d045   Thumb Code     4  usmart.o(i.read_addr)
    sd_init                                  0x0800d1d1   Thumb Code    62  sdio_sdcard.o(i.sd_init)
    sd_read_disk                             0x0800d219   Thumb Code    44  sdio_sdcard.o(i.sd_read_disk)
    sd_write_disk                            0x0800d24d   Thumb Code    44  sdio_sdcard.o(i.sd_write_disk)
    set_badfood                              0x0800d281   Thumb Code    74  game.o(i.set_badfood)
    set_food                                 0x0800d2d5   Thumb Code    74  game.o(i.set_food)
    set_goodfood                             0x0800d329   Thumb Code    74  game.o(i.set_goodfood)
    show_score                               0x0800d37d   Thumb Code   190  game.o(i.show_score)
    skin_black                               0x0800d489   Thumb Code    66  game.o(i.skin_black)
    skin_blue                                0x0800d4e1   Thumb Code    64  game.o(i.skin_blue)
    skin_green                               0x0800d535   Thumb Code    68  game.o(i.skin_green)
    snake_init                               0x0800d58d   Thumb Code    78  game.o(i.snake_init)
    sort                                     0x0800d5e9   Thumb Code   110  game.o(i.sort)
    spi1_init                                0x0800d661   Thumb Code    90  spi.o(i.spi1_init)
    spi1_read_write_byte                     0x0800d6c9   Thumb Code    28  spi.o(i.spi1_read_write_byte)
    spi1_set_speed                           0x0800d6e9   Thumb Code    48  spi.o(i.spi1_set_speed)
    sram_init                                0x0800d71d   Thumb Code   326  sram.o(i.sram_init)
    stdbmp_decode                            0x0800d90d   Thumb Code   524  bmp.o(i.stdbmp_decode)
    sys_stm32_clock_init                     0x0800dc71   Thumb Code   162  sys.o(i.sys_stm32_clock_init)
    text_show_font                           0x0800de01   Thumb Code   176  text.o(i.text_show_font)
    text_show_string                         0x0800deb5   Thumb Code   154  text.o(i.text_show_string)
    text_show_string_middle                  0x0800df51   Thumb Code    88  text.o(i.text_show_string_middle)
    tpad_init                                0x0800dfe1   Thumb Code   144  tpad.o(i.tpad_init)
    tpad_scan                                0x0800e0e5   Thumb Code    74  tpad.o(i.tpad_scan)
    usart_init                               0x0800e1bd   Thumb Code    44  usart.o(i.usart_init)
    usmart_cmd_rec                           0x0800e1f5   Thumb Code   144  usmart.o(i.usmart_cmd_rec)
    usmart_exe                               0x0800e289   Thumb Code   514  usmart.o(i.usmart_exe)
    usmart_get_aparm                         0x0800e4ed   Thumb Code   166  usmart_str.o(i.usmart_get_aparm)
    usmart_get_cmdname                       0x0800e593   Thumb Code    46  usmart_str.o(i.usmart_get_cmdname)
    usmart_get_fname                         0x0800e5c1   Thumb Code   358  usmart_str.o(i.usmart_get_fname)
    usmart_get_fparam                        0x0800e731   Thumb Code   208  usmart_str.o(i.usmart_get_fparam)
    usmart_get_input_string                  0x0800e805   Thumb Code    24  usmart_port.o(i.usmart_get_input_string)
    usmart_get_parmpos                       0x0800e825   Thumb Code    30  usmart_str.o(i.usmart_get_parmpos)
    usmart_init                              0x0800e849   Thumb Code    36  usmart.o(i.usmart_init)
    usmart_pow                               0x0800e871   Thumb Code    16  usmart_str.o(i.usmart_pow)
    usmart_scan                              0x0800e881   Thumb Code    82  usmart.o(i.usmart_scan)
    usmart_search_nextc                      0x0800e911   Thumb Code    16  usmart_str.o(i.usmart_search_nextc)
    usmart_str2num                           0x0800e921   Thumb Code   214  usmart_str.o(i.usmart_str2num)
    usmart_strcmp                            0x0800e9f7   Thumb Code    24  usmart_str.o(i.usmart_strcmp)
    usmart_strcopy                           0x0800ea0f   Thumb Code    18  usmart_str.o(i.usmart_strcopy)
    usmart_strlen                            0x0800ea21   Thumb Code    18  usmart_str.o(i.usmart_strlen)
    usmart_sys_cmd_exe                       0x0800ea35   Thumb Code  1458  usmart.o(i.usmart_sys_cmd_exe)
    usmart_timx_get_time                     0x0800f0b5   Thumb Code    38  usmart_port.o(i.usmart_timx_get_time)
    usmart_timx_init                         0x0800f0e5   Thumb Code    68  usmart_port.o(i.usmart_timx_init)
    usmart_timx_reset_time                   0x0800f135   Thumb Code    32  usmart_port.o(i.usmart_timx_reset_time)
    write_addr                               0x0800f191   Thumb Code     4  usmart.o(i.write_addr)
    __aeabi_d2uiz                            0x0800f209   Thumb Code     0  dfixu.o(x$fpl$dfixu)
    _dfixu                                   0x0800f209   Thumb Code    90  dfixu.o(x$fpl$dfixu)
    __aeabi_ui2d                             0x0800f263   Thumb Code     0  dflt_clz.o(x$fpl$dfltu)
    _dfltu                                   0x0800f263   Thumb Code    38  dflt_clz.o(x$fpl$dfltu)
    __aeabi_dmul                             0x0800f289   Thumb Code     0  dmul.o(x$fpl$dmul)
    _dmul                                    0x0800f289   Thumb Code   332  dmul.o(x$fpl$dmul)
    __fpl_dnaninf                            0x0800f3dd   Thumb Code   156  dnaninf.o(x$fpl$dnaninf)
    __fpl_dretinf                            0x0800f479   Thumb Code    12  dretinf.o(x$fpl$dretinf)
    _fp_init                                 0x0800f485   Thumb Code    10  fpinit.o(x$fpl$fpinit)
    __fplib_config_fpu_vfp                   0x0800f48d   Thumb Code     0  fpinit.o(x$fpl$fpinit)
    __fplib_config_pureend_doubles           0x0800f48d   Thumb Code     0  fpinit.o(x$fpl$fpinit)
    AHBPrescTable                            0x0800f48e   Data          16  system_stm32f4xx.o(.constdata)
    __I$use$fp                               0x0800f48e   Number         0  usenofp.o(x$fpl$usenofp)
    APBPrescTable                            0x0800f49e   Data           8  system_stm32f4xx.o(.constdata)
    asc2_1206                                0x0800f4a6   Data        1140  lcd.o(.constdata)
    asc2_1608                                0x0800f91a   Data        1520  lcd.o(.constdata)
    asc2_2412                                0x0800ff0a   Data        3420  lcd.o(.constdata)
    asc2_3216                                0x08010c66   Data        6080  lcd.o(.constdata)
    memtblsize                               0x08012428   Data          12  malloc.o(.constdata)
    memblksize                               0x08012434   Data          12  malloc.o(.constdata)
    memsize                                  0x08012440   Data          12  malloc.o(.constdata)
    FILE_TYPE_TBL                            0x0801244c   Data         196  exfuns.o(.constdata)
    FONT_GBK_PATH                            0x0801280c   Data          16  fonts.o(.constdata)
    FONT_UPDATE_REMIND_TBL                   0x0801281c   Data          16  fonts.o(.constdata)
    _aInterlaceOffset                        0x0801282c   Data           4  gif.o(.constdata)
    _aInterlaceYPos                          0x08012830   Data           4  gif.o(.constdata)
    _aMaskTbl                                0x08012834   Data          32  gif.o(.constdata)
    Region$$Table$$Base                      0x080133ec   Number         0  anon$$obj.o(Region$$Table)
    Region$$Table$$Limit                     0x0801340c   Number         0  anon$$obj.o(Region$$Table)
    subs_flag                                0x20000000   Data           1  main.o(.data)
    rowItem                                  0x20000002   Data           2  main.o(.data)
    MenuPoint                                0x20000004   Data           4  main.o(.data)
    MainMenu                                 0x20000008   Data         100  main.o(.data)
    Setmenu2                                 0x2000006c   Data          40  main.o(.data)
    Setmenu3                                 0x20000094   Data          60  main.o(.data)
    Setmenu21                                0x200000d0   Data          60  main.o(.data)
    Setmenu22                                0x2000010c   Data          40  main.o(.data)
    SystemCoreClock                          0x20000134   Data           4  system_stm32f4xx.o(.data)
    color                                    0x20000138   Data           2  game.o(.data)
    game_start_flag                          0x2000013c   Data           4  game.o(.data)
    score                                    0x20000140   Data           4  game.o(.data)
    eated                                    0x20000144   Data           4  game.o(.data)
    speed                                    0x20000148   Data           4  game.o(.data)
    mode_flag                                0x2000014c   Data           4  game.o(.data)
    di_flag                                  0x20000150   Data           4  game.o(.data)
    bad_score                                0x20000154   Data           4  game.o(.data)
    eatfood_num                              0x20000158   Data           4  game.o(.data)
    flashsize                                0x2000015c   Data           4  game.o(.data)
    g_rx_buffer                              0x20000164   Data           1  usart.o(.data)
    g_usart_rx_sta                           0x20000166   Data           2  usart.o(.data)
    __stdout                                 0x20000168   Data           4  usart.o(.data)
    uwTickFreq                               0x2000016c   Data           1  stm32f4xx_hal.o(.data)
    uwTickPrio                               0x20000170   Data           4  stm32f4xx_hal.o(.data)
    uwTick                                   0x20000174   Data           4  stm32f4xx_hal.o(.data)
    g_back_color                             0x20000178   Data           4  lcd.o(.data)
    g_norflash_type                          0x2000017e   Data           2  norflash.o(.data)
    i2s_tx_callback                          0x20000180   Data           4  i2s.o(.data)
    g_tpad_default_val                       0x20000186   Data           2  tpad.o(.data)
    sys_cmd_tab                              0x20000188   Data          28  usmart.o(.data)
    usmart_nametab                           0x200001a4   Data          56  usmart_config.o(.data)
    usmart_dev                               0x200001dc   Data         244  usmart_config.o(.data)
    mallco_dev                               0x200002d0   Data          36  malloc.o(.data)
    fs                                       0x200002f4   Data           8  exfuns.o(.data)
    g_gif_decoding                           0x20000308   Data           1  gif.o(.data)
    f_jpeg                                   0x2000030c   Data           4  tjpgd.o(.data)
    jpeg_dev                                 0x20000310   Data           4  tjpgd.o(.data)
    jpg_buffer                               0x20000314   Data           4  tjpgd.o(.data)
    map                                      0x20000318   Data        7200  game.o(.bss)
    score_easy_num                           0x20001f38   Data          10  game.o(.bss)
    score_normal_num                         0x20001f42   Data          10  game.o(.bss)
    score_hard_num                           0x20001f4c   Data          10  game.o(.bss)
    snake                                    0x20001f58   Data       14408  game.o(.bss)
    g_timx_handle                            0x200057a0   Data          72  game.o(.bss)
    g_usart_rx_buf                           0x200057e8   Data         200  usart.o(.bss)
    g_uart1_handle                           0x200058b0   Data          68  usart.o(.bss)
    g_sram_handle                            0x200058f4   Data          80  lcd.o(.bss)
    lcddev                                   0x20005944   Data          14  lcd.o(.bss)
    g_sdcard_handler                         0x20005954   Data         132  sdio_sdcard.o(.bss)
    g_sd_card_info_handle                    0x200059d8   Data          32  sdio_sdcard.o(.bss)
    g_norflash_buf                           0x200059f8   Data        4096  norflash.o(.bss)
    g_spi1_handler                           0x200069f8   Data          88  spi.o(.bss)
    g_sram_handler                           0x20006a50   Data          80  sram.o(.bss)
    g_i2s_handle                             0x20006aa0   Data          72  i2s.o(.bss)
    g_i2s_txdma_handle                       0x20006ae8   Data          96  i2s.o(.bss)
    g_timx_usmart_handle                     0x20006ba0   Data          72  usmart_port.o(.bss)
    fattester                                0x20011600   Data         384  fattester.o(.bss)
    ftinfo                                   0x20011780   Data          33  fonts.o(.bss)
    picinfo                                  0x200117a4   Data          40  piclib.o(.bss)
    pic_phy                                  0x200117cc   Data          20  piclib.o(.bss)
    _random_number_data                      0x200117e0   Data         228  rand.o(.bss)
    __libspace_start                         0x200118c4   Data          96  libspace.o(.bss)
    __temporary_stack_top$libspace           0x20011924   Data           0  libspace.o(.bss)



==============================================================================

Memory Map of the image

  Image Entry point : 0x08000189

  Load Region LR_IROM1 (Base: 0x08000000, Size: 0x00013724, Max: 0x00100000, ABSOLUTE, COMPRESSED[0x00013514])

    Execution Region ER_IROM1 (Exec base: 0x08000000, Load base: 0x08000000, Size: 0x0001340c, Max: 0x00100000, ABSOLUTE)

    Exec Addr    Load Addr    Size         Type   Attr      Idx    E Section Name        Object

    0x08000000   0x08000000   0x00000188   Data   RO            3    RESET               startup_stm32f407xx.o
    0x08000188   0x08000188   0x00000008   Code   RO         7454  * !!!main             c_w.l(__main.o)
    0x08000190   0x08000190   0x00000034   Code   RO         7650    !!!scatter          c_w.l(__scatter.o)
    0x080001c4   0x080001c4   0x0000005a   Code   RO         7648    !!dczerorl2         c_w.l(__dczerorl2.o)
    0x0800021e   0x0800021e   0x00000002   PAD
    0x08000220   0x08000220   0x0000001c   Code   RO         7652    !!handler_zi        c_w.l(__scatter_zi.o)
    0x0800023c   0x0800023c   0x00000000   Code   RO         7423    .ARM.Collect$$_printf_percent$$00000000  c_w.l(_printf_percent.o)
    0x0800023c   0x0800023c   0x00000006   Code   RO         7421    .ARM.Collect$$_printf_percent$$00000009  c_w.l(_printf_d.o)
    0x08000242   0x08000242   0x00000006   Code   RO         7422    .ARM.Collect$$_printf_percent$$0000000A  c_w.l(_printf_u.o)
    0x08000248   0x08000248   0x00000006   Code   RO         7420    .ARM.Collect$$_printf_percent$$0000000C  c_w.l(_printf_x.o)
    0x0800024e   0x0800024e   0x00000006   Code   RO         7418    .ARM.Collect$$_printf_percent$$00000013  c_w.l(_printf_c.o)
    0x08000254   0x08000254   0x00000006   Code   RO         7419    .ARM.Collect$$_printf_percent$$00000014  c_w.l(_printf_s.o)
    0x0800025a   0x0800025a   0x00000004   Code   RO         7483    .ARM.Collect$$_printf_percent$$00000017  c_w.l(_printf_percent_end.o)
    0x0800025e   0x0800025e   0x00000002   Code   RO         7581    .ARM.Collect$$libinit$$00000000  c_w.l(libinit.o)
    0x08000260   0x08000260   0x00000004   Code   RO         7485    .ARM.Collect$$libinit$$00000001  c_w.l(libinit2.o)
    0x08000264   0x08000264   0x00000000   Code   RO         7488    .ARM.Collect$$libinit$$00000004  c_w.l(libinit2.o)
    0x08000264   0x08000264   0x00000000   Code   RO         7491    .ARM.Collect$$libinit$$0000000A  c_w.l(libinit2.o)
    0x08000264   0x08000264   0x00000000   Code   RO         7493    .ARM.Collect$$libinit$$0000000C  c_w.l(libinit2.o)
    0x08000264   0x08000264   0x00000004   Code   RO         7494    .ARM.Collect$$libinit$$0000000D  c_w.l(libinit2.o)
    0x08000268   0x08000268   0x00000000   Code   RO         7495    .ARM.Collect$$libinit$$0000000E  c_w.l(libinit2.o)
    0x08000268   0x08000268   0x00000000   Code   RO         7498    .ARM.Collect$$libinit$$00000011  c_w.l(libinit2.o)
    0x08000268   0x08000268   0x00000000   Code   RO         7500    .ARM.Collect$$libinit$$00000013  c_w.l(libinit2.o)
    0x08000268   0x08000268   0x00000000   Code   RO         7502    .ARM.Collect$$libinit$$00000015  c_w.l(libinit2.o)
    0x08000268   0x08000268   0x00000000   Code   RO         7504    .ARM.Collect$$libinit$$00000017  c_w.l(libinit2.o)
    0x08000268   0x08000268   0x00000000   Code   RO         7506    .ARM.Collect$$libinit$$00000019  c_w.l(libinit2.o)
    0x08000268   0x08000268   0x00000000   Code   RO         7508    .ARM.Collect$$libinit$$0000001B  c_w.l(libinit2.o)
    0x08000268   0x08000268   0x00000000   Code   RO         7510    .ARM.Collect$$libinit$$0000001D  c_w.l(libinit2.o)
    0x08000268   0x08000268   0x00000000   Code   RO         7512    .ARM.Collect$$libinit$$0000001F  c_w.l(libinit2.o)
    0x08000268   0x08000268   0x00000000   Code   RO         7514    .ARM.Collect$$libinit$$00000021  c_w.l(libinit2.o)
    0x08000268   0x08000268   0x00000000   Code   RO         7516    .ARM.Collect$$libinit$$00000023  c_w.l(libinit2.o)
    0x08000268   0x08000268   0x00000000   Code   RO         7518    .ARM.Collect$$libinit$$00000025  c_w.l(libinit2.o)
    0x08000268   0x08000268   0x00000000   Code   RO         7522    .ARM.Collect$$libinit$$0000002C  c_w.l(libinit2.o)
    0x08000268   0x08000268   0x00000000   Code   RO         7524    .ARM.Collect$$libinit$$0000002E  c_w.l(libinit2.o)
    0x08000268   0x08000268   0x00000000   Code   RO         7526    .ARM.Collect$$libinit$$00000030  c_w.l(libinit2.o)
    0x08000268   0x08000268   0x00000000   Code   RO         7528    .ARM.Collect$$libinit$$00000032  c_w.l(libinit2.o)
    0x08000268   0x08000268   0x00000002   Code   RO         7529    .ARM.Collect$$libinit$$00000033  c_w.l(libinit2.o)
    0x0800026a   0x0800026a   0x00000002   Code   RO         7616    .ARM.Collect$$libshutdown$$00000000  c_w.l(libshutdown.o)
    0x0800026c   0x0800026c   0x00000000   Code   RO         7633    .ARM.Collect$$libshutdown$$00000003  c_w.l(libshutdown2.o)
    0x0800026c   0x0800026c   0x00000000   Code   RO         7636    .ARM.Collect$$libshutdown$$00000006  c_w.l(libshutdown2.o)
    0x0800026c   0x0800026c   0x00000000   Code   RO         7639    .ARM.Collect$$libshutdown$$00000009  c_w.l(libshutdown2.o)
    0x0800026c   0x0800026c   0x00000000   Code   RO         7641    .ARM.Collect$$libshutdown$$0000000B  c_w.l(libshutdown2.o)
    0x0800026c   0x0800026c   0x00000000   Code   RO         7644    .ARM.Collect$$libshutdown$$0000000E  c_w.l(libshutdown2.o)
    0x0800026c   0x0800026c   0x00000002   Code   RO         7645    .ARM.Collect$$libshutdown$$0000000F  c_w.l(libshutdown2.o)
    0x0800026e   0x0800026e   0x00000000   Code   RO         7470    .ARM.Collect$$rtentry$$00000000  c_w.l(__rtentry.o)
    0x0800026e   0x0800026e   0x00000000   Code   RO         7536    .ARM.Collect$$rtentry$$00000002  c_w.l(__rtentry2.o)
    0x0800026e   0x0800026e   0x00000006   Code   RO         7548    .ARM.Collect$$rtentry$$00000004  c_w.l(__rtentry4.o)
    0x08000274   0x08000274   0x00000000   Code   RO         7538    .ARM.Collect$$rtentry$$00000009  c_w.l(__rtentry2.o)
    0x08000274   0x08000274   0x00000004   Code   RO         7539    .ARM.Collect$$rtentry$$0000000A  c_w.l(__rtentry2.o)
    0x08000278   0x08000278   0x00000000   Code   RO         7541    .ARM.Collect$$rtentry$$0000000C  c_w.l(__rtentry2.o)
    0x08000278   0x08000278   0x00000008   Code   RO         7542    .ARM.Collect$$rtentry$$0000000D  c_w.l(__rtentry2.o)
    0x08000280   0x08000280   0x00000002   Code   RO         7585    .ARM.Collect$$rtexit$$00000000  c_w.l(rtexit.o)
    0x08000282   0x08000282   0x00000000   Code   RO         7600    .ARM.Collect$$rtexit$$00000002  c_w.l(rtexit2.o)
    0x08000282   0x08000282   0x00000004   Code   RO         7601    .ARM.Collect$$rtexit$$00000003  c_w.l(rtexit2.o)
    0x08000286   0x08000286   0x00000006   Code   RO         7602    .ARM.Collect$$rtexit$$00000004  c_w.l(rtexit2.o)
    0x0800028c   0x0800028c   0x00000034   Code   RO         7425    .emb_text           c_w.l(rand.o)
    0x080002c0   0x080002c0   0x0000004c   Code   RO            4    .text               startup_stm32f407xx.o
    0x0800030c   0x0800030c   0x00000002   Code   RO         7359    .text               c_w.l(use_no_semi_2.o)
    0x0800030e   0x0800030e   0x000000ee   Code   RO         7361    .text               c_w.l(lludivv7m.o)
    0x080003fc   0x080003fc   0x00000018   Code   RO         7365    .text               c_w.l(noretval__2printf.o)
    0x08000414   0x08000414   0x0000004e   Code   RO         7369    .text               c_w.l(_printf_pad.o)
    0x08000462   0x08000462   0x00000052   Code   RO         7371    .text               c_w.l(_printf_str.o)
    0x080004b4   0x080004b4   0x00000078   Code   RO         7373    .text               c_w.l(_printf_dec.o)
    0x0800052c   0x0800052c   0x00000058   Code   RO         7380    .text               c_w.l(_printf_hex_int.o)
    0x08000584   0x08000584   0x00000188   Code   RO         7415    .text               c_w.l(__printf_flags_ss_wp.o)
    0x0800070c   0x0800070c   0x0000003c   Code   RO         7426    .text               c_w.l(rand.o)
    0x08000748   0x08000748   0x00000014   Code   RO         7430    .text               c_w.l(strchr.o)
    0x0800075c   0x0800075c   0x00000058   Code   RO         7432    .text               c_w.l(memcmp.o)
    0x080007b4   0x080007b4   0x00000048   Code   RO         7434    .text               c_w.l(strcpy.o)
    0x080007fc   0x080007fc   0x0000003e   Code   RO         7436    .text               c_w.l(strlen.o)
    0x0800083a   0x0800083a   0x00000018   Code   RO         7438    .text               c_w.l(strcat.o)
    0x08000852   0x08000852   0x0000008a   Code   RO         7440    .text               c_w.l(rt_memcpy_v6.o)
    0x080008dc   0x080008dc   0x00000064   Code   RO         7442    .text               c_w.l(rt_memcpy_w.o)
    0x08000940   0x08000940   0x00000010   Code   RO         7444    .text               c_w.l(aeabi_memset.o)
    0x08000950   0x08000950   0x00000044   Code   RO         7446    .text               c_w.l(rt_memclr.o)
    0x08000994   0x08000994   0x0000004e   Code   RO         7448    .text               c_w.l(rt_memclr_w.o)
    0x080009e2   0x080009e2   0x00000002   PAD
    0x080009e4   0x080009e4   0x00000080   Code   RO         7450    .text               c_w.l(strcmpv7m.o)
    0x08000a64   0x08000a64   0x00000006   Code   RO         7452    .text               c_w.l(heapauxi.o)
    0x08000a6a   0x08000a6a   0x00000002   Code   RO         7468    .text               c_w.l(use_no_semi.o)
    0x08000a6c   0x08000a6c   0x000000b2   Code   RO         7477    .text               c_w.l(_printf_intcommon.o)
    0x08000b1e   0x08000b1e   0x0000002c   Code   RO         7479    .text               c_w.l(_printf_char.o)
    0x08000b4a   0x08000b4a   0x00000002   PAD
    0x08000b4c   0x08000b4c   0x00000024   Code   RO         7481    .text               c_w.l(_printf_char_file.o)
    0x08000b70   0x08000b70   0x00000030   Code   RO         7552    .text               c_w.l(_printf_char_common.o)
    0x08000ba0   0x08000ba0   0x00000008   Code   RO         7554    .text               c_w.l(ferror.o)
    0x08000ba8   0x08000ba8   0x0000004a   Code   RO         7562    .text               c_w.l(sys_stackheap_outer.o)
    0x08000bf2   0x08000bf2   0x0000000c   Code   RO         7566    .text               c_w.l(exit.o)
    0x08000bfe   0x08000bfe   0x00000002   PAD
    0x08000c00   0x08000c00   0x00000008   Code   RO         7582    .text               c_w.l(libspace.o)
    0x08000c08   0x08000c08   0x00000002   Code   RO          356    i.BusFault_Handler  stm32f4xx_it.o
    0x08000c0a   0x08000c0a   0x00000002   PAD
    0x08000c0c   0x08000c0c   0x0000001c   Code   RO          469    i.Check             game.o
    0x08000c28   0x08000c28   0x0000007c   Code   RO         5643    i.DMA1_Stream4_IRQHandler  i2s.o
    0x08000ca4   0x08000ca4   0x00000002   Code   RO          357    i.DebugMon_Handler  stm32f4xx_it.o
    0x08000ca6   0x08000ca6   0x00000002   PAD
    0x08000ca8   0x08000ca8   0x0000004c   Code   RO          470    i.Draw_snake        game.o
    0x08000cf4   0x08000cf4   0x00000014   Code   RO         5478    i.EXTI0_IRQHandler  exti.o
    0x08000d08   0x08000d08   0x00000014   Code   RO         5479    i.EXTI2_IRQHandler  exti.o
    0x08000d1c   0x08000d1c   0x00000014   Code   RO         5480    i.EXTI3_IRQHandler  exti.o
    0x08000d30   0x08000d30   0x00000014   Code   RO         5481    i.EXTI4_IRQHandler  exti.o
    0x08000d44   0x08000d44   0x00000100   Code   RO          471    i.Eatfood           game.o
    0x08000e44   0x08000e44   0x00000040   Code   RO         3356    i.FSMC_NORSRAM_Extended_Timing_Init  stm32f4xx_ll_fsmc.o
    0x08000e84   0x08000e84   0x00000054   Code   RO         3357    i.FSMC_NORSRAM_Init  stm32f4xx_ll_fsmc.o
    0x08000ed8   0x08000ed8   0x00000044   Code   RO         3358    i.FSMC_NORSRAM_Timing_Init  stm32f4xx_ll_fsmc.o
    0x08000f1c   0x08000f1c   0x00000084   Code   RO          472    i.GUI_Refresh       game.o
    0x08000fa0   0x08000fa0   0x0000002c   Code   RO          473    i.GUI_clear         game.o
    0x08000fcc   0x08000fcc   0x0000008e   Code   RO         3477    i.HAL_DMA_Abort     stm32f4xx_hal_dma.o
    0x0800105a   0x0800105a   0x00000024   Code   RO         3478    i.HAL_DMA_Abort_IT  stm32f4xx_hal_dma.o
    0x0800107e   0x0800107e   0x00000006   Code   RO          689    i.HAL_Delay         delay.o
    0x08001084   0x08001084   0x000000e0   Code   RO          474    i.HAL_GPIO_EXTI_Callback  game.o
    0x08001164   0x08001164   0x00000018   Code   RO         1207    i.HAL_GPIO_EXTI_IRQHandler  stm32f4xx_hal_gpio.o
    0x0800117c   0x0800117c   0x000001ec   Code   RO         1208    i.HAL_GPIO_Init     stm32f4xx_hal_gpio.o
    0x08001368   0x08001368   0x0000000a   Code   RO         1210    i.HAL_GPIO_ReadPin  stm32f4xx_hal_gpio.o
    0x08001372   0x08001372   0x00000010   Code   RO         1211    i.HAL_GPIO_TogglePin  stm32f4xx_hal_gpio.o
    0x08001382   0x08001382   0x0000000a   Code   RO         1212    i.HAL_GPIO_WritePin  stm32f4xx_hal_gpio.o
    0x0800138c   0x0800138c   0x0000000c   Code   RO          896    i.HAL_GetREVID      stm32f4xx_hal.o
    0x08001398   0x08001398   0x0000000c   Code   RO          897    i.HAL_GetTick       stm32f4xx_hal.o
    0x080013a4   0x080013a4   0x00000010   Code   RO          903    i.HAL_IncTick       stm32f4xx_hal.o
    0x080013b4   0x080013b4   0x0000002c   Code   RO          904    i.HAL_Init          stm32f4xx_hal.o
    0x080013e0   0x080013e0   0x00000040   Code   RO          905    i.HAL_InitTick      stm32f4xx_hal.o
    0x08001420   0x08001420   0x00000002   Code   RO          907    i.HAL_MspInit       stm32f4xx_hal.o
    0x08001422   0x08001422   0x0000001a   Code   RO         1075    i.HAL_NVIC_EnableIRQ  stm32f4xx_hal_cortex.o
    0x0800143c   0x0800143c   0x00000040   Code   RO         1081    i.HAL_NVIC_SetPriority  stm32f4xx_hal_cortex.o
    0x0800147c   0x0800147c   0x00000024   Code   RO         1082    i.HAL_NVIC_SetPriorityGrouping  stm32f4xx_hal_cortex.o
    0x080014a0   0x080014a0   0x00000134   Code   RO         1272    i.HAL_RCC_ClockConfig  stm32f4xx_hal_rcc.o
    0x080015d4   0x080015d4   0x00000020   Code   RO         1279    i.HAL_RCC_GetPCLK1Freq  stm32f4xx_hal_rcc.o
    0x080015f4   0x080015f4   0x00000020   Code   RO         1280    i.HAL_RCC_GetPCLK2Freq  stm32f4xx_hal_rcc.o
    0x08001614   0x08001614   0x00000060   Code   RO         1281    i.HAL_RCC_GetSysClockFreq  stm32f4xx_hal_rcc.o
    0x08001674   0x08001674   0x0000036c   Code   RO         1284    i.HAL_RCC_OscConfig  stm32f4xx_hal_rcc.o
    0x080019e0   0x080019e0   0x00000118   Code   RO         3761    i.HAL_SD_ConfigWideBusOperation  stm32f4xx_hal_sd.o
    0x08001af8   0x08001af8   0x00000198   Code   RO         3766    i.HAL_SD_GetCardCSD  stm32f4xx_hal_sd.o
    0x08001c90   0x08001c90   0x00000024   Code   RO         3767    i.HAL_SD_GetCardInfo  stm32f4xx_hal_sd.o
    0x08001cb4   0x08001cb4   0x0000002c   Code   RO         3768    i.HAL_SD_GetCardState  stm32f4xx_hal_sd.o
    0x08001ce0   0x08001ce0   0x00000036   Code   RO         3773    i.HAL_SD_Init       stm32f4xx_hal_sd.o
    0x08001d16   0x08001d16   0x00000002   PAD
    0x08001d18   0x08001d18   0x00000074   Code   RO         3774    i.HAL_SD_InitCard   stm32f4xx_hal_sd.o
    0x08001d8c   0x08001d8c   0x000000e4   Code   RO         5186    i.HAL_SD_MspInit    sdio_sdcard.o
    0x08001e70   0x08001e70   0x000001d8   Code   RO         3777    i.HAL_SD_ReadBlocks  stm32f4xx_hal_sd.o
    0x08002048   0x08002048   0x000001ac   Code   RO         3782    i.HAL_SD_WriteBlocks  stm32f4xx_hal_sd.o
    0x080021f4   0x080021f4   0x000000ca   Code   RO         4264    i.HAL_SPI_Init      stm32f4xx_hal_spi.o
    0x080022be   0x080022be   0x00000002   PAD
    0x080022c0   0x080022c0   0x00000084   Code   RO         5350    i.HAL_SPI_MspInit   spi.o
    0x08002344   0x08002344   0x00000272   Code   RO         4273    i.HAL_SPI_TransmitReceive  stm32f4xx_hal_spi.o
    0x080025b6   0x080025b6   0x00000056   Code   RO         3232    i.HAL_SRAM_Init     stm32f4xx_hal_sram.o
    0x0800260c   0x0800260c   0x00000074   Code   RO         4885    i.HAL_SRAM_MspInit  lcd.o
    0x08002680   0x08002680   0x00000028   Code   RO         1086    i.HAL_SYSTICK_Config  stm32f4xx_hal_cortex.o
    0x080026a8   0x080026a8   0x0000005a   Code   RO         2257    i.HAL_TIM_Base_Init  stm32f4xx_hal_tim.o
    0x08002702   0x08002702   0x00000002   Code   RO         2259    i.HAL_TIM_Base_MspInit  stm32f4xx_hal_tim.o
    0x08002704   0x08002704   0x00000080   Code   RO         2262    i.HAL_TIM_Base_Start_IT  stm32f4xx_hal_tim.o
    0x08002784   0x08002784   0x0000010e   Code   RO         2293    i.HAL_TIM_IC_ConfigChannel  stm32f4xx_hal_tim.o
    0x08002892   0x08002892   0x0000005a   Code   RO         2296    i.HAL_TIM_IC_Init   stm32f4xx_hal_tim.o
    0x080028ec   0x080028ec   0x00000002   Code   RO         2298    i.HAL_TIM_IC_MspInit  stm32f4xx_hal_tim.o
    0x080028ee   0x080028ee   0x00000002   PAD
    0x080028f0   0x080028f0   0x000000e4   Code   RO         2299    i.HAL_TIM_IC_Start  stm32f4xx_hal_tim.o
    0x080029d4   0x080029d4   0x00000002   Code   RO         1868    i.HAL_UARTEx_RxEventCallback  stm32f4xx_hal_uart.o
    0x080029d6   0x080029d6   0x00000002   Code   RO         1882    i.HAL_UART_ErrorCallback  stm32f4xx_hal_uart.o
    0x080029d8   0x080029d8   0x00000210   Code   RO         1885    i.HAL_UART_IRQHandler  stm32f4xx_hal_uart.o
    0x08002be8   0x08002be8   0x00000062   Code   RO         1886    i.HAL_UART_Init     stm32f4xx_hal_uart.o
    0x08002c4a   0x08002c4a   0x00000002   PAD
    0x08002c4c   0x08002c4c   0x00000090   Code   RO          806    i.HAL_UART_MspInit  usart.o
    0x08002cdc   0x08002cdc   0x0000002a   Code   RO         1891    i.HAL_UART_Receive_IT  stm32f4xx_hal_uart.o
    0x08002d06   0x08002d06   0x00000002   PAD
    0x08002d08   0x08002d08   0x00000068   Code   RO          807    i.HAL_UART_RxCpltCallback  usart.o
    0x08002d70   0x08002d70   0x00000002   Code   RO         1897    i.HAL_UART_TxCpltCallback  stm32f4xx_hal_uart.o
    0x08002d72   0x08002d72   0x00000002   Code   RO          358    i.HardFault_Handler  stm32f4xx_it.o
    0x08002d74   0x08002d74   0x00000002   Code   RO          359    i.MemManage_Handler  stm32f4xx_it.o
    0x08002d76   0x08002d76   0x00000002   PAD
    0x08002d78   0x08002d78   0x000000d8   Code   RO          475    i.Move              game.o
    0x08002e50   0x08002e50   0x00000002   Code   RO          360    i.NMI_Handler       stm32f4xx_it.o
    0x08002e52   0x08002e52   0x00000002   Code   RO          361    i.PendSV_Handler    stm32f4xx_it.o
    0x08002e54   0x08002e54   0x00000024   Code   RO         3983    i.SDIO_ConfigData   stm32f4xx_ll_sdmmc.o
    0x08002e78   0x08002e78   0x00000008   Code   RO         3987    i.SDIO_GetPowerState  stm32f4xx_ll_sdmmc.o
    0x08002e80   0x08002e80   0x00000006   Code   RO         3988    i.SDIO_GetResponse  stm32f4xx_ll_sdmmc.o
    0x08002e86   0x08002e86   0x00000024   Code   RO         3989    i.SDIO_Init         stm32f4xx_ll_sdmmc.o
    0x08002eaa   0x08002eaa   0x00000010   Code   RO         3991    i.SDIO_PowerState_ON  stm32f4xx_ll_sdmmc.o
    0x08002eba   0x08002eba   0x00000006   Code   RO         3992    i.SDIO_ReadFIFO     stm32f4xx_ll_sdmmc.o
    0x08002ec0   0x08002ec0   0x00000020   Code   RO         3993    i.SDIO_SendCommand  stm32f4xx_ll_sdmmc.o
    0x08002ee0   0x08002ee0   0x0000000a   Code   RO         3995    i.SDIO_WriteFIFO    stm32f4xx_ll_sdmmc.o
    0x08002eea   0x08002eea   0x00000032   Code   RO         3996    i.SDMMC_CmdAppCommand  stm32f4xx_ll_sdmmc.o
    0x08002f1c   0x08002f1c   0x00000034   Code   RO         3997    i.SDMMC_CmdAppOperCommand  stm32f4xx_ll_sdmmc.o
    0x08002f50   0x08002f50   0x00000032   Code   RO         3998    i.SDMMC_CmdBlockLength  stm32f4xx_ll_sdmmc.o
    0x08002f82   0x08002f82   0x00000032   Code   RO         3999    i.SDMMC_CmdBusWidth  stm32f4xx_ll_sdmmc.o
    0x08002fb4   0x08002fb4   0x00000050   Code   RO         4003    i.SDMMC_CmdGoIdleState  stm32f4xx_ll_sdmmc.o
    0x08003004   0x08003004   0x00000074   Code   RO         4005    i.SDMMC_CmdOperCond  stm32f4xx_ll_sdmmc.o
    0x08003078   0x08003078   0x00000032   Code   RO         4006    i.SDMMC_CmdReadMultiBlock  stm32f4xx_ll_sdmmc.o
    0x080030aa   0x080030aa   0x00000032   Code   RO         4007    i.SDMMC_CmdReadSingleBlock  stm32f4xx_ll_sdmmc.o
    0x080030dc   0x080030dc   0x00000032   Code   RO         4010    i.SDMMC_CmdSelDesel  stm32f4xx_ll_sdmmc.o
    0x0800310e   0x0800310e   0x0000002c   Code   RO         4011    i.SDMMC_CmdSendCID  stm32f4xx_ll_sdmmc.o
    0x0800313a   0x0800313a   0x0000002c   Code   RO         4012    i.SDMMC_CmdSendCSD  stm32f4xx_ll_sdmmc.o
    0x08003166   0x08003166   0x00000030   Code   RO         4014    i.SDMMC_CmdSendSCR  stm32f4xx_ll_sdmmc.o
    0x08003196   0x08003196   0x00000032   Code   RO         4015    i.SDMMC_CmdSendStatus  stm32f4xx_ll_sdmmc.o
    0x080031c8   0x080031c8   0x00000030   Code   RO         4016    i.SDMMC_CmdSetRelAdd  stm32f4xx_ll_sdmmc.o
    0x080031f8   0x080031f8   0x00000034   Code   RO         4018    i.SDMMC_CmdStopTransfer  stm32f4xx_ll_sdmmc.o
    0x0800322c   0x0800322c   0x00000032   Code   RO         4020    i.SDMMC_CmdWriteMultiBlock  stm32f4xx_ll_sdmmc.o
    0x0800325e   0x0800325e   0x00000032   Code   RO         4021    i.SDMMC_CmdWriteSingleBlock  stm32f4xx_ll_sdmmc.o
    0x08003290   0x08003290   0x00000120   Code   RO         4022    i.SDMMC_GetCmdResp1  stm32f4xx_ll_sdmmc.o
    0x080033b0   0x080033b0   0x00000050   Code   RO         4023    i.SDMMC_GetCmdResp2  stm32f4xx_ll_sdmmc.o
    0x08003400   0x08003400   0x00000044   Code   RO         4024    i.SDMMC_GetCmdResp3  stm32f4xx_ll_sdmmc.o
    0x08003444   0x08003444   0x00000088   Code   RO         4025    i.SDMMC_GetCmdResp6  stm32f4xx_ll_sdmmc.o
    0x080034cc   0x080034cc   0x000000da   Code   RO         3790    i.SD_FindSCR        stm32f4xx_hal_sd.o
    0x080035a6   0x080035a6   0x000000ee   Code   RO         3791    i.SD_InitCard       stm32f4xx_hal_sd.o
    0x08003694   0x08003694   0x000000b4   Code   RO         3792    i.SD_PowerON        stm32f4xx_hal_sd.o
    0x08003748   0x08003748   0x00000058   Code   RO         4304    i.SPI_EndRxTxTransaction  stm32f4xx_hal_spi.o
    0x080037a0   0x080037a0   0x000000b8   Code   RO         4311    i.SPI_WaitFlagStateUntilTimeout  stm32f4xx_hal_spi.o
    0x08003858   0x08003858   0x00000002   Code   RO          362    i.SVC_Handler       stm32f4xx_it.o
    0x0800385a   0x0800385a   0x00000004   Code   RO          363    i.SysTick_Handler   stm32f4xx_it.o
    0x0800385e   0x0800385e   0x00000002   PAD
    0x08003860   0x08003860   0x00000010   Code   RO          432    i.SystemInit        system_stm32f4xx.o
    0x08003870   0x08003870   0x00000034   Code   RO         5932    i.TIM4_IRQHandler   usmart_port.o
    0x080038a4   0x080038a4   0x000000b0   Code   RO          476    i.TIM5_IRQHandler   game.o
    0x08003954   0x08003954   0x000000c8   Code   RO         2350    i.TIM_Base_SetConfig  stm32f4xx_hal_tim.o
    0x08003a1c   0x08003a1c   0x0000001a   Code   RO         2351    i.TIM_CCxChannelCmd  stm32f4xx_hal_tim.o
    0x08003a36   0x08003a36   0x00000002   PAD
    0x08003a38   0x08003a38   0x00000080   Code   RO         2369    i.TIM_TI1_SetConfig  stm32f4xx_hal_tim.o
    0x08003ab8   0x08003ab8   0x00000036   Code   RO         2371    i.TIM_TI2_SetConfig  stm32f4xx_hal_tim.o
    0x08003aee   0x08003aee   0x00000010   Code   RO         1899    i.UART_DMAAbortOnError  stm32f4xx_hal_uart.o
    0x08003afe   0x08003afe   0x00000030   Code   RO         1909    i.UART_EndRxTransfer  stm32f4xx_hal_uart.o
    0x08003b2e   0x08003b2e   0x000000ae   Code   RO         1911    i.UART_Receive_IT   stm32f4xx_hal_uart.o
    0x08003bdc   0x08003bdc   0x0000010c   Code   RO         1912    i.UART_SetConfig    stm32f4xx_hal_uart.o
    0x08003ce8   0x08003ce8   0x00000036   Code   RO         1914    i.UART_Start_Receive_IT  stm32f4xx_hal_uart.o
    0x08003d1e   0x08003d1e   0x00000002   PAD
    0x08003d20   0x08003d20   0x0000000c   Code   RO          808    i.USART1_IRQHandler  usart.o
    0x08003d2c   0x08003d2c   0x00000002   Code   RO          364    i.UsageFault_Handler  stm32f4xx_it.o
    0x08003d2e   0x08003d2e   0x00000020   Code   RO         1088    i.__NVIC_SetPriority  stm32f4xx_hal_cortex.o
    0x08003d4e   0x08003d4e   0x0000000e   Code   RO         7408    i._is_digit         c_w.l(__printf_wp.o)
    0x08003d5c   0x08003d5c   0x00000002   Code   RO          810    i._sys_exit         usart.o
    0x08003d5e   0x08003d5e   0x00000022   Code   RO         7238    i.alloc_pool        tjpgd.o
    0x08003d80   0x08003d80   0x00000048   Code   RO         5448    i.beep_init         beep.o
    0x08003dc8   0x08003dc8   0x0000008a   Code   RO         7239    i.bitext            tjpgd.o
    0x08003e52   0x08003e52   0x00000002   PAD
    0x08003e54   0x08003e54   0x000001bc   Code   RO         7240    i.block_idct        tjpgd.o
    0x08004010   0x08004010   0x00000008   Code   RO          477    i.body              game.o
    0x08004018   0x08004018   0x0000007c   Code   RO         6431    i.change_bitmap     ff.o
    0x08004094   0x08004094   0x000000f4   Code   RO         6432    i.check_fs          ff.o
    0x08004188   0x08004188   0x000000a4   Code   RO           13    i.choose_menu       main.o
    0x0800422c   0x0800422c   0x00000032   Code   RO         6433    i.clmt_clust        ff.o
    0x0800425e   0x0800425e   0x00000018   Code   RO         6434    i.clst2sect         ff.o
    0x08004276   0x08004276   0x00000002   PAD
    0x08004278   0x08004278   0x00000080   Code   RO         6435    i.cmp_lfn           ff.o
    0x080042f8   0x080042f8   0x0000016a   Code   RO         6436    i.create_chain      ff.o
    0x08004462   0x08004462   0x00000002   PAD
    0x08004464   0x08004464   0x000001c8   Code   RO         7241    i.create_huffman_tbl  tjpgd.o
    0x0800462c   0x0800462c   0x00000230   Code   RO         6437    i.create_name       ff.o
    0x0800485c   0x0800485c   0x0000007e   Code   RO         6439    i.create_xdir       ff.o
    0x080048da   0x080048da   0x00000010   Code   RO         6440    i.dbc_1st           ff.o
    0x080048ea   0x080048ea   0x00000002   PAD
    0x080048ec   0x080048ec   0x0000000c   Code   RO          690    i.delay_init        delay.o
    0x080048f8   0x080048f8   0x0000000a   Code   RO          691    i.delay_ms          delay.o
    0x08004902   0x08004902   0x00000002   PAD
    0x08004904   0x08004904   0x00000034   Code   RO          692    i.delay_us          delay.o
    0x08004938   0x08004938   0x00000024   Code   RO         5449    i.di                beep.o
    0x0800495c   0x0800495c   0x00000058   Code   RO          478    i.di_close          game.o
    0x080049b4   0x080049b4   0x00000058   Code   RO          479    i.di_open           game.o
    0x08004a0c   0x08004a0c   0x00000058   Code   RO         6441    i.dir_alloc         ff.o
    0x08004a64   0x08004a64   0x000000aa   Code   RO         6442    i.dir_clear         ff.o
    0x08004b0e   0x08004b0e   0x00000146   Code   RO         6443    i.dir_find          ff.o
    0x08004c54   0x08004c54   0x000000c4   Code   RO         6444    i.dir_next          ff.o
    0x08004d18   0x08004d18   0x000000e4   Code   RO         6445    i.dir_read          ff.o
    0x08004dfc   0x08004dfc   0x00000250   Code   RO         6446    i.dir_register      ff.o
    0x0800504c   0x0800504c   0x00000096   Code   RO         6448    i.dir_sdi           ff.o
    0x080050e2   0x080050e2   0x0000001c   Code   RO         6383    i.disk_initialize   diskio.o
    0x080050fe   0x080050fe   0x00000002   PAD
    0x08005100   0x08005100   0x0000005c   Code   RO         6384    i.disk_ioctl        diskio.o
    0x0800515c   0x0800515c   0x00000052   Code   RO         6385    i.disk_read         diskio.o
    0x080051ae   0x080051ae   0x00000004   Code   RO         6386    i.disk_status       diskio.o
    0x080051b2   0x080051b2   0x00000052   Code   RO         6387    i.disk_write        diskio.o
    0x08005204   0x08005204   0x00000064   Code   RO          480    i.display_menu      game.o
    0x08005268   0x08005268   0x0000005c   Code   RO          481    i.easy_mode         game.o
    0x080052c4   0x080052c4   0x0000000e   Code   RO         6139    i.exfuns_char_upper  exfuns.o
    0x080052d2   0x080052d2   0x00000002   PAD
    0x080052d4   0x080052d4   0x00000090   Code   RO         6141    i.exfuns_file_type  exfuns.o
    0x08005364   0x08005364   0x00000034   Code   RO         6146    i.exfuns_init       exfuns.o
    0x08005398   0x08005398   0x000000a4   Code   RO         5482    i.extix_init        exti.o
    0x0800543c   0x0800543c   0x0000001c   Code   RO         6449    i.f_close           ff.o
    0x08005458   0x08005458   0x00000306   Code   RO         6454    i.f_lseek           ff.o
    0x0800575e   0x0800575e   0x00000002   PAD
    0x08005760   0x08005760   0x00000048   Code   RO         6457    i.f_mount           ff.o
    0x080057a8   0x080057a8   0x000002a6   Code   RO         6458    i.f_open            ff.o
    0x08005a4e   0x08005a4e   0x000000b6   Code   RO         6459    i.f_opendir         ff.o
    0x08005b04   0x08005b04   0x00000186   Code   RO         6463    i.f_read            ff.o
    0x08005c8a   0x08005c8a   0x0000006c   Code   RO         6464    i.f_readdir         ff.o
    0x08005cf6   0x08005cf6   0x00000166   Code   RO         6468    i.f_sync            ff.o
    0x08005e5c   0x08005e5c   0x00000008   Code   RO         6870    i.ff_memalloc       ffsystem.o
    0x08005e64   0x08005e64   0x00000008   Code   RO         6871    i.ff_memfree        ffsystem.o
    0x08005e6c   0x08005e6c   0x00000070   Code   RO         6906    i.ff_oem2uni        myffunicode.o
    0x08005edc   0x08005edc   0x00000070   Code   RO         6907    i.ff_uni2oem        myffunicode.o
    0x08005f4c   0x08005f4c   0x00000088   Code   RO         6908    i.ff_wtoupper       myffunicode.o
    0x08005fd4   0x08005fd4   0x0000002e   Code   RO         6472    i.fill_first_frag   ff.o
    0x08006002   0x08006002   0x00000032   Code   RO         6473    i.fill_last_frag    ff.o
    0x08006034   0x08006034   0x00000090   Code   RO         6474    i.find_bitmap       ff.o
    0x080060c4   0x080060c4   0x0000009c   Code   RO         6475    i.follow_path       ff.o
    0x08006160   0x08006160   0x0000003c   Code   RO         6987    i.fonts_init        fonts.o
    0x0800619c   0x0800619c   0x00000088   Code   RO         6988    i.fonts_progress_show  fonts.o
    0x08006224   0x08006224   0x000001c0   Code   RO         6989    i.fonts_update_font  fonts.o
    0x080063e4   0x080063e4   0x000000f4   Code   RO         6990    i.fonts_update_fontx  fonts.o
    0x080064d8   0x080064d8   0x0000000c   Code   RO          482    i.food              game.o
    0x080064e4   0x080064e4   0x00000014   Code   RO          812    i.fputc             usart.o
    0x080064f8   0x080064f8   0x0000005c   Code   RO          483    i.game_over         game.o
    0x08006554   0x08006554   0x000001f8   Code   RO          484    i.game_start        game.o
    0x0800674c   0x0800674c   0x0000009c   Code   RO         6476    i.gen_numname       ff.o
    0x080067e8   0x080067e8   0x00000134   Code   RO         6477    i.get_fat           ff.o
    0x0800691c   0x0800691c   0x00000004   Code   RO         6872    i.get_fattime       ffsystem.o
    0x08006920   0x08006920   0x000001d2   Code   RO         6478    i.get_fileinfo      ff.o
    0x08006af2   0x08006af2   0x00000002   PAD
    0x08006af4   0x08006af4   0x00000038   Code   RO         6479    i.get_ldnumber      ff.o
    0x08006b2c   0x08006b2c   0x00000018   Code   RO         5188    i.get_sd_card_state  sdio_sdcard.o
    0x08006b44   0x08006b44   0x0000014c   Code   RO         7081    i.gif_clear2bkcolor  gif.o
    0x08006c90   0x08006c90   0x00000154   Code   RO         7082    i.gif_decode        gif.o
    0x08006de4   0x08006de4   0x00000254   Code   RO         7083    i.gif_dispimage     gif.o
    0x08007038   0x08007038   0x00000132   Code   RO         7084    i.gif_drawimage     gif.o
    0x0800716a   0x0800716a   0x0000003c   Code   RO         7085    i.gif_getdatablock  gif.o
    0x080071a6   0x080071a6   0x00000036   Code   RO         7086    i.gif_getinfo       gif.o
    0x080071dc   0x080071dc   0x0000023c   Code   RO         7087    i.gif_getnextbyte   gif.o
    0x08007418   0x08007418   0x00000128   Code   RO         7088    i.gif_getnextcode   gif.o
    0x08007540   0x08007540   0x0000004e   Code   RO         7090    i.gif_readcolortbl  gif.o
    0x0800758e   0x0800758e   0x00000082   Code   RO         7091    i.gif_readextension  gif.o
    0x08007610   0x08007610   0x00000050   Code   RO          485    i.gtim_timx_int_init  game.o
    0x08007660   0x08007660   0x0000005c   Code   RO          486    i.hard_mode         game.o
    0x080076bc   0x080076bc   0x0000000c   Code   RO          487    i.head              game.o
    0x080076c8   0x080076c8   0x00000110   Code   RO         7242    i.huffext           tjpgd.o
    0x080077d8   0x080077d8   0x0000002e   Code   RO         6480    i.init_alloc_info   ff.o
    0x08007806   0x08007806   0x00000002   PAD
    0x08007808   0x08007808   0x000000b0   Code   RO          488    i.intro             game.o
    0x080078b8   0x080078b8   0x00000082   Code   RO         7243    i.jd_decomp         tjpgd.o
    0x0800793a   0x0800793a   0x00000002   PAD
    0x0800793c   0x0800793c   0x000002c4   Code   RO         7244    i.jd_prepare        tjpgd.o
    0x08007c00   0x08007c00   0x00000020   Code   RO         7245    i.jpeg_freeall      tjpgd.o
    0x08007c20   0x08007c20   0x0000002e   Code   RO         7246    i.jpeg_in_func      tjpgd.o
    0x08007c4e   0x08007c4e   0x00000002   PAD
    0x08007c50   0x08007c50   0x00000034   Code   RO         7247    i.jpeg_mallocall    tjpgd.o
    0x08007c84   0x08007c84   0x0000003c   Code   RO         7248    i.jpeg_out_func_fill  tjpgd.o
    0x08007cc0   0x08007cc0   0x000000a8   Code   RO         7249    i.jpeg_out_func_point  tjpgd.o
    0x08007d68   0x08007d68   0x000000c8   Code   RO         7250    i.jpg_decode        tjpgd.o
    0x08007e30   0x08007e30   0x000000a0   Code   RO         5155    i.key_init          key.o
    0x08007ed0   0x08007ed0   0x000000c8   Code   RO         5156    i.key_scan          key.o
    0x08007f98   0x08007f98   0x00000030   Code   RO         4886    i.lcd_clear         lcd.o
    0x08007fc8   0x08007fc8   0x00000058   Code   RO         4887    i.lcd_color_fill    lcd.o
    0x08008020   0x08008020   0x000000ec   Code   RO         4888    i.lcd_display_dir   lcd.o
    0x0800810c   0x0800810c   0x00000028   Code   RO         4892    i.lcd_draw_hline    lcd.o
    0x08008134   0x08008134   0x0000009c   Code   RO         4893    i.lcd_draw_line     lcd.o
    0x080081d0   0x080081d0   0x00000016   Code   RO         4894    i.lcd_draw_point    lcd.o
    0x080081e6   0x080081e6   0x00000044   Code   RO         4895    i.lcd_draw_rectangle  lcd.o
    0x0800822a   0x0800822a   0x0000022e   Code   RO         4896    i.lcd_ex_ili9341_reginit  lcd.o
    0x08008458   0x08008458   0x00000342   Code   RO         4897    i.lcd_ex_ili9806_reginit  lcd.o
    0x0800879a   0x0800879a   0x00000ef4   Code   RO         4898    i.lcd_ex_nt35310_reginit  lcd.o
    0x0800968e   0x0800968e   0x00000efa   Code   RO         4899    i.lcd_ex_nt35510_reginit  lcd.o
    0x0800a588   0x0800a588   0x00000170   Code   RO         4900    i.lcd_ex_ssd1963_reginit  lcd.o
    0x0800a6f8   0x0800a6f8   0x000001aa   Code   RO         4901    i.lcd_ex_st7789_reginit  lcd.o
    0x0800a8a2   0x0800a8a2   0x000001c8   Code   RO         4902    i.lcd_ex_st7796_reginit  lcd.o
    0x0800aa6a   0x0800aa6a   0x00000002   PAD
    0x0800aa6c   0x0800aa6c   0x00000048   Code   RO         4903    i.lcd_fill          lcd.o
    0x0800aab4   0x0800aab4   0x00000388   Code   RO         4905    i.lcd_init          lcd.o
    0x0800ae3c   0x0800ae3c   0x00000010   Code   RO         4906    i.lcd_pow           lcd.o
    0x0800ae4c   0x0800ae4c   0x0000001a   Code   RO         4907    i.lcd_rd_data       lcd.o
    0x0800ae66   0x0800ae66   0x00000002   PAD
    0x0800ae68   0x0800ae68   0x00000074   Code   RO         4908    i.lcd_read_point    lcd.o
    0x0800aedc   0x0800aedc   0x00000180   Code   RO         4909    i.lcd_scan_dir      lcd.o
    0x0800b05c   0x0800b05c   0x000000f4   Code   RO         4910    i.lcd_set_cursor    lcd.o
    0x0800b150   0x0800b150   0x000000dc   Code   RO         4912    i.lcd_show_char     lcd.o
    0x0800b22c   0x0800b22c   0x00000072   Code   RO         4913    i.lcd_show_num      lcd.o
    0x0800b29e   0x0800b29e   0x00000056   Code   RO         4914    i.lcd_show_string   lcd.o
    0x0800b2f4   0x0800b2f4   0x0000008a   Code   RO         4915    i.lcd_show_xnum     lcd.o
    0x0800b37e   0x0800b37e   0x00000002   PAD
    0x0800b380   0x0800b380   0x00000050   Code   RO         4916    i.lcd_ssd_backlight_set  lcd.o
    0x0800b3d0   0x0800b3d0   0x00000018   Code   RO         4917    i.lcd_wr_data       lcd.o
    0x0800b3e8   0x0800b3e8   0x00000018   Code   RO         4918    i.lcd_wr_regno      lcd.o
    0x0800b400   0x0800b400   0x00000014   Code   RO         4919    i.lcd_write_ram_prepare  lcd.o
    0x0800b414   0x0800b414   0x0000000c   Code   RO         4920    i.lcd_write_reg     lcd.o
    0x0800b420   0x0800b420   0x00000026   Code   RO         6481    i.ld_clust          ff.o
    0x0800b446   0x0800b446   0x00000016   Code   RO         6482    i.ld_dword          ff.o
    0x0800b45c   0x0800b45c   0x00000056   Code   RO         6483    i.ld_qword          ff.o
    0x0800b4b2   0x0800b4b2   0x0000000a   Code   RO         6484    i.ld_word           ff.o
    0x0800b4bc   0x0800b4bc   0x0000006c   Code   RO         4861    i.led_init          led.o
    0x0800b528   0x0800b528   0x0000003a   Code   RO         6485    i.load_obj_xdir     ff.o
    0x0800b562   0x0800b562   0x000000d0   Code   RO         6486    i.load_xdir         ff.o
    0x0800b632   0x0800b632   0x00000002   PAD
    0x0800b634   0x0800b634   0x00000278   Code   RO           14    i.main              main.o
    0x0800b8ac   0x0800b8ac   0x00000022   Code   RO          489    i.maopao            game.o
    0x0800b8ce   0x0800b8ce   0x00000058   Code   RO          490    i.map_init          game.o
    0x0800b926   0x0800b926   0x00000002   PAD
    0x0800b928   0x0800b928   0x00000170   Code   RO         7252    i.mcu_load          tjpgd.o
    0x0800ba98   0x0800ba98   0x00000324   Code   RO         7253    i.mcu_output        tjpgd.o
    0x0800bdbc   0x0800bdbc   0x00000020   Code   RO         6217    i.mf_free           fattester.o
    0x0800bddc   0x0800bddc   0x00000034   Code   RO         6220    i.mf_init           fattester.o
    0x0800be10   0x0800be10   0x00000068   Code   RO         6231    i.mf_scan_files     fattester.o
    0x0800be78   0x0800be78   0x000002f8   Code   RO         7043    i.minibmp_decode    bmp.o
    0x0800c170   0x0800c170   0x000003a0   Code   RO         6487    i.mount_volume      ff.o
    0x0800c510   0x0800c510   0x00000032   Code   RO         6488    i.move_window       ff.o
    0x0800c542   0x0800c542   0x00000002   PAD
    0x0800c544   0x0800c544   0x0000002c   Code   RO         6063    i.my_mem_init       malloc.o
    0x0800c570   0x0800c570   0x00000090   Code   RO         6064    i.my_mem_malloc     malloc.o
    0x0800c600   0x0800c600   0x0000003c   Code   RO         6065    i.my_mem_perused    malloc.o
    0x0800c63c   0x0800c63c   0x0000000e   Code   RO         6066    i.my_mem_set        malloc.o
    0x0800c64a   0x0800c64a   0x00000002   PAD
    0x0800c64c   0x0800c64c   0x0000005c   Code   RO         6067    i.myfree            malloc.o
    0x0800c6a8   0x0800c6a8   0x00000020   Code   RO         6068    i.mymalloc          malloc.o
    0x0800c6c8   0x0800c6c8   0x00000040   Code   RO         5257    i.norflash_erase_sector  norflash.o
    0x0800c708   0x0800c708   0x00000098   Code   RO         5258    i.norflash_init     norflash.o
    0x0800c7a0   0x0800c7a0   0x00000050   Code   RO         5259    i.norflash_read     norflash.o
    0x0800c7f0   0x0800c7f0   0x0000004c   Code   RO         5260    i.norflash_read_id  norflash.o
    0x0800c83c   0x0800c83c   0x00000048   Code   RO         5261    i.norflash_read_sr  norflash.o
    0x0800c884   0x0800c884   0x00000034   Code   RO         5262    i.norflash_send_address  norflash.o
    0x0800c8b8   0x0800c8b8   0x0000000e   Code   RO         5263    i.norflash_wait_busy  norflash.o
    0x0800c8c6   0x0800c8c6   0x00000002   PAD
    0x0800c8c8   0x0800c8c8   0x0000009c   Code   RO         5264    i.norflash_write    norflash.o
    0x0800c964   0x0800c964   0x0000002c   Code   RO         5265    i.norflash_write_enable  norflash.o
    0x0800c990   0x0800c990   0x00000080   Code   RO         5266    i.norflash_write_nocheck  norflash.o
    0x0800ca10   0x0800ca10   0x0000004c   Code   RO         5267    i.norflash_write_sr  norflash.o
    0x0800ca5c   0x0800ca5c   0x0000005c   Code   RO          491    i.normal_mode       game.o
    0x0800cab8   0x0800cab8   0x00000074   Code   RO         6489    i.pick_lfn          ff.o
    0x0800cb2c   0x0800cb2c   0x000000ac   Code   RO         7161    i.piclib_ai_draw_init  piclib.o
    0x0800cbd8   0x0800cbd8   0x00000088   Code   RO         7162    i.piclib_ai_load_picfile  piclib.o
    0x0800cc60   0x0800cc60   0x00000024   Code   RO         7163    i.piclib_alpha_blend  piclib.o
    0x0800cc84   0x0800cc84   0x00000018   Code   RO         7164    i.piclib_fill_color  piclib.o
    0x0800cc9c   0x0800cc9c   0x00000054   Code   RO         7165    i.piclib_init       piclib.o
    0x0800ccf0   0x0800ccf0   0x00000024   Code   RO         7217    i.piclib_is_element_ok  piclib.o
    0x0800cd14   0x0800cd14   0x00000008   Code   RO         7166    i.piclib_mem_free   piclib.o
    0x0800cd1c   0x0800cd1c   0x00000008   Code   RO         7167    i.piclib_mem_malloc  piclib.o
    0x0800cd24   0x0800cd24   0x0000002e   Code   RO         4921    i.position          lcd.o
    0x0800cd52   0x0800cd52   0x00000050   Code   RO         4922    i.position_body     lcd.o
    0x0800cda2   0x0800cda2   0x00000032   Code   RO         4923    i.position_clear    lcd.o
    0x0800cdd4   0x0800cdd4   0x000000f6   Code   RO         6490    i.put_fat           ff.o
    0x0800ceca   0x0800ceca   0x0000002e   Code   RO         6491    i.put_utf           ff.o
    0x0800cef8   0x0800cef8   0x0000014c   Code   RO          492    i.ranking_show      game.o
    0x0800d044   0x0800d044   0x00000004   Code   RO         5835    i.read_addr         usmart.o
    0x0800d048   0x0800d048   0x00000106   Code   RO         6495    i.remove_chain      ff.o
    0x0800d14e   0x0800d14e   0x00000082   Code   RO         7254    i.restart           tjpgd.o
    0x0800d1d0   0x0800d1d0   0x00000048   Code   RO         5189    i.sd_init           sdio_sdcard.o
    0x0800d218   0x0800d218   0x00000034   Code   RO         5190    i.sd_read_disk      sdio_sdcard.o
    0x0800d24c   0x0800d24c   0x00000034   Code   RO         5191    i.sd_write_disk     sdio_sdcard.o
    0x0800d280   0x0800d280   0x00000054   Code   RO          493    i.set_badfood       game.o
    0x0800d2d4   0x0800d2d4   0x00000054   Code   RO          494    i.set_food          game.o
    0x0800d328   0x0800d328   0x00000054   Code   RO          495    i.set_goodfood      game.o
    0x0800d37c   0x0800d37c   0x0000010c   Code   RO          496    i.show_score        game.o
    0x0800d488   0x0800d488   0x00000058   Code   RO          497    i.skin_black        game.o
    0x0800d4e0   0x0800d4e0   0x00000054   Code   RO          498    i.skin_blue         game.o
    0x0800d534   0x0800d534   0x00000058   Code   RO          499    i.skin_green        game.o
    0x0800d58c   0x0800d58c   0x0000005c   Code   RO          500    i.snake_init        game.o
    0x0800d5e8   0x0800d5e8   0x00000078   Code   RO          501    i.sort              game.o
    0x0800d660   0x0800d660   0x00000068   Code   RO         5351    i.spi1_init         spi.o
    0x0800d6c8   0x0800d6c8   0x00000020   Code   RO         5352    i.spi1_read_write_byte  spi.o
    0x0800d6e8   0x0800d6e8   0x00000034   Code   RO         5353    i.spi1_set_speed    spi.o
    0x0800d71c   0x0800d71c   0x00000164   Code   RO         5395    i.sram_init         sram.o
    0x0800d880   0x0800d880   0x00000028   Code   RO         6496    i.st_clust          ff.o
    0x0800d8a8   0x0800d8a8   0x00000010   Code   RO         6497    i.st_dword          ff.o
    0x0800d8b8   0x0800d8b8   0x0000004a   Code   RO         6498    i.st_qword          ff.o
    0x0800d902   0x0800d902   0x00000008   Code   RO         6499    i.st_word           ff.o
    0x0800d90a   0x0800d90a   0x00000002   PAD
    0x0800d90c   0x0800d90c   0x00000214   Code   RO         7044    i.stdbmp_decode     bmp.o
    0x0800db20   0x0800db20   0x0000006a   Code   RO         6500    i.store_xdir        ff.o
    0x0800db8a   0x0800db8a   0x0000001a   Code   RO         6501    i.sum_sfn           ff.o
    0x0800dba4   0x0800dba4   0x00000084   Code   RO         6502    i.sync_fs           ff.o
    0x0800dc28   0x0800dc28   0x00000046   Code   RO         6503    i.sync_window       ff.o
    0x0800dc6e   0x0800dc6e   0x00000002   PAD
    0x0800dc70   0x0800dc70   0x000000b0   Code   RO          739    i.sys_stm32_clock_init  sys.o
    0x0800dd20   0x0800dd20   0x0000004e   Code   RO         6504    i.tchar2uni         ff.o
    0x0800dd6e   0x0800dd6e   0x00000002   PAD
    0x0800dd70   0x0800dd70   0x00000090   Code   RO         6943    i.text_get_hz_mat   text.o
    0x0800de00   0x0800de00   0x000000b4   Code   RO         6944    i.text_show_font    text.o
    0x0800deb4   0x0800deb4   0x0000009a   Code   RO         6945    i.text_show_string  text.o
    0x0800df4e   0x0800df4e   0x00000002   PAD
    0x0800df50   0x0800df50   0x0000005c   Code   RO         6946    i.text_show_string_middle  text.o
    0x0800dfac   0x0800dfac   0x00000034   Code   RO         5783    i.tpad_get_val      tpad.o
    0x0800dfe0   0x0800dfe0   0x000000ac   Code   RO         5784    i.tpad_init         tpad.o
    0x0800e08c   0x0800e08c   0x00000058   Code   RO         5785    i.tpad_reset        tpad.o
    0x0800e0e4   0x0800e0e4   0x00000050   Code   RO         5786    i.tpad_scan         tpad.o
    0x0800e134   0x0800e134   0x00000088   Code   RO         5787    i.tpad_timx_cap_init  tpad.o
    0x0800e1bc   0x0800e1bc   0x00000038   Code   RO          813    i.usart_init        usart.o
    0x0800e1f4   0x0800e1f4   0x00000094   Code   RO         5836    i.usmart_cmd_rec    usmart.o
    0x0800e288   0x0800e288   0x00000264   Code   RO         5837    i.usmart_exe        usmart.o
    0x0800e4ec   0x0800e4ec   0x000000a6   Code   RO         5983    i.usmart_get_aparm  usmart_str.o
    0x0800e592   0x0800e592   0x0000002e   Code   RO         5984    i.usmart_get_cmdname  usmart_str.o
    0x0800e5c0   0x0800e5c0   0x00000170   Code   RO         5985    i.usmart_get_fname  usmart_str.o
    0x0800e730   0x0800e730   0x000000d4   Code   RO         5986    i.usmart_get_fparam  usmart_str.o
    0x0800e804   0x0800e804   0x00000020   Code   RO         5933    i.usmart_get_input_string  usmart_port.o
    0x0800e824   0x0800e824   0x00000024   Code   RO         5987    i.usmart_get_parmpos  usmart_str.o
    0x0800e848   0x0800e848   0x00000028   Code   RO         5838    i.usmart_init       usmart.o
    0x0800e870   0x0800e870   0x00000010   Code   RO         5988    i.usmart_pow        usmart_str.o
    0x0800e880   0x0800e880   0x00000090   Code   RO         5839    i.usmart_scan       usmart.o
    0x0800e910   0x0800e910   0x00000010   Code   RO         5989    i.usmart_search_nextc  usmart_str.o
    0x0800e920   0x0800e920   0x000000d6   Code   RO         5990    i.usmart_str2num    usmart_str.o
    0x0800e9f6   0x0800e9f6   0x00000018   Code   RO         5991    i.usmart_strcmp     usmart_str.o
    0x0800ea0e   0x0800ea0e   0x00000012   Code   RO         5992    i.usmart_strcopy    usmart_str.o
    0x0800ea20   0x0800ea20   0x00000012   Code   RO         5993    i.usmart_strlen     usmart_str.o
    0x0800ea32   0x0800ea32   0x00000002   PAD
    0x0800ea34   0x0800ea34   0x00000680   Code   RO         5840    i.usmart_sys_cmd_exe  usmart.o
    0x0800f0b4   0x0800f0b4   0x00000030   Code   RO         5934    i.usmart_timx_get_time  usmart_port.o
    0x0800f0e4   0x0800f0e4   0x00000050   Code   RO         5935    i.usmart_timx_init  usmart_port.o
    0x0800f134   0x0800f134   0x00000028   Code   RO         5936    i.usmart_timx_reset_time  usmart_port.o
    0x0800f15c   0x0800f15c   0x00000034   Code   RO         6505    i.validate          ff.o
    0x0800f190   0x0800f190   0x00000004   Code   RO         5841    i.write_addr        usmart.o
    0x0800f194   0x0800f194   0x00000034   Code   RO         6506    i.xdir_sum          ff.o
    0x0800f1c8   0x0800f1c8   0x0000003e   Code   RO         6507    i.xname_sum         ff.o
    0x0800f206   0x0800f206   0x00000002   PAD
    0x0800f208   0x0800f208   0x0000005a   Code   RO         7456    x$fpl$dfixu         fz_wm.l(dfixu.o)
    0x0800f262   0x0800f262   0x00000026   Code   RO         7460    x$fpl$dfltu         fz_wm.l(dflt_clz.o)
    0x0800f288   0x0800f288   0x00000154   Code   RO         7466    x$fpl$dmul          fz_wm.l(dmul.o)
    0x0800f3dc   0x0800f3dc   0x0000009c   Code   RO         7530    x$fpl$dnaninf       fz_wm.l(dnaninf.o)
    0x0800f478   0x0800f478   0x0000000c   Code   RO         7532    x$fpl$dretinf       fz_wm.l(dretinf.o)
    0x0800f484   0x0800f484   0x0000000a   Code   RO         7560    x$fpl$fpinit        fz_wm.l(fpinit.o)
    0x0800f48e   0x0800f48e   0x00000000   Code   RO         7534    x$fpl$usenofp       fz_wm.l(usenofp.o)
    0x0800f48e   0x0800f48e   0x00000010   Data   RO          433    .constdata          system_stm32f4xx.o
    0x0800f49e   0x0800f49e   0x00000008   Data   RO          434    .constdata          system_stm32f4xx.o
    0x0800f4a6   0x0800f4a6   0x00002f80   Data   RO         4925    .constdata          lcd.o
    0x08012426   0x08012426   0x00000002   PAD
    0x08012428   0x08012428   0x00000024   Data   RO         6076    .constdata          malloc.o
    0x0801244c   0x0801244c   0x000000c4   Data   RO         6147    .constdata          exfuns.o
    0x08012510   0x08012510   0x0000004c   Data   RO         6509    .constdata          ff.o
    0x0801255c   0x0801255c   0x000002ae   Data   RO         6909    .constdata          myffunicode.o
    0x0801280a   0x0801280a   0x00000002   PAD
    0x0801280c   0x0801280c   0x00000020   Data   RO         6992    .constdata          fonts.o
    0x0801282c   0x0801282c   0x00000028   Data   RO         7092    .constdata          gif.o
    0x08012854   0x08012854   0x000004c0   Data   RO         7255    .constdata          tjpgd.o
    0x08012d14   0x08012d14   0x00000028   Data   RO         7381    .constdata          c_w.l(_printf_hex_int.o)
    0x08012d3c   0x08012d3c   0x00000011   Data   RO         7416    .constdata          c_w.l(__printf_flags_ss_wp.o)
    0x08012d4d   0x08012d4d   0x00000003   PAD
    0x08012d50   0x08012d50   0x00000081   Data   RO           15    .conststring        main.o
    0x08012dd1   0x08012dd1   0x00000003   PAD
    0x08012dd4   0x08012dd4   0x00000349   Data   RO          503    .conststring        game.o
    0x0801311d   0x0801311d   0x00000003   PAD
    0x08013120   0x08013120   0x00000028   Data   RO         5842    .conststring        usmart.o
    0x08013148   0x08013148   0x000001a1   Data   RO         5902    .conststring        usmart_config.o
    0x080132e9   0x080132e9   0x00000003   PAD
    0x080132ec   0x080132ec   0x00000050   Data   RO         6148    .conststring        exfuns.o
    0x0801333c   0x0801333c   0x000000af   Data   RO         6993    .conststring        fonts.o
    0x080133eb   0x080133eb   0x00000001   PAD
    0x080133ec   0x080133ec   0x00000020   Data   RO         7646    Region$$Table       anon$$obj.o


    Execution Region RW_IRAM1 (Exec base: 0x20000000, Load base: 0x0801340c, Size: 0x00011d28, Max: 0x00020000, ABSOLUTE, COMPRESSED[0x00000108])

    Exec Addr    Load Addr    Size         Type   Attr      Idx    E Section Name        Object

    0x20000000   COMPRESSED   0x00000134   Data   RW           16    .data               main.o
    0x20000134   COMPRESSED   0x00000004   Data   RW          435    .data               system_stm32f4xx.o
    0x20000138   COMPRESSED   0x00000028   Data   RW          504    .data               game.o
    0x20000160   COMPRESSED   0x00000004   Data   RW          693    .data               delay.o
    0x20000164   COMPRESSED   0x00000004   Data   RW          815    .data               usart.o
    0x20000168   COMPRESSED   0x00000004   Data   RW          816    .data               usart.o
    0x2000016c   COMPRESSED   0x0000000c   Data   RW          911    .data               stm32f4xx_hal.o
    0x20000178   COMPRESSED   0x00000004   Data   RW         4927    .data               lcd.o
    0x2000017c   COMPRESSED   0x00000001   Data   RW         5157    .data               key.o
    0x2000017d   COMPRESSED   0x00000001   PAD
    0x2000017e   COMPRESSED   0x00000002   Data   RW         5269    .data               norflash.o
    0x20000180   COMPRESSED   0x00000004   Data   RW         5653    .data               i2s.o
    0x20000184   COMPRESSED   0x00000004   Data   RW         5789    .data               tpad.o
    0x20000188   COMPRESSED   0x0000001c   Data   RW         5843    .data               usmart.o
    0x200001a4   COMPRESSED   0x00000038   Data   RW         5903    .data               usmart_config.o
    0x200001dc   COMPRESSED   0x000000f4   Data   RW         5904    .data               usmart_config.o
    0x200002d0   COMPRESSED   0x00000024   Data   RW         6077    .data               malloc.o
    0x200002f4   COMPRESSED   0x00000008   Data   RW         6149    .data               exfuns.o
    0x200002fc   COMPRESSED   0x0000000c   Data   RW         6511    .data               ff.o
    0x20000308   COMPRESSED   0x00000001   Data   RW         7093    .data               gif.o
    0x20000309   COMPRESSED   0x00000003   PAD
    0x2000030c   COMPRESSED   0x0000000c   Data   RW         7256    .data               tjpgd.o
    0x20000318        -       0x000054d0   Zero   RW          502    .bss                game.o
    0x200057e8        -       0x0000010c   Zero   RW          814    .bss                usart.o
    0x200058f4        -       0x0000005e   Zero   RW         4924    .bss                lcd.o
    0x20005952   COMPRESSED   0x00000002   PAD
    0x20005954        -       0x000000a4   Zero   RW         5192    .bss                sdio_sdcard.o
    0x200059f8        -       0x00001000   Zero   RW         5268    .bss                norflash.o
    0x200069f8        -       0x00000058   Zero   RW         5354    .bss                spi.o
    0x20006a50        -       0x00000050   Zero   RW         5400    .bss                sram.o
    0x20006aa0        -       0x000000a8   Zero   RW         5651    .bss                i2s.o
    0x20006b48        -       0x00000058   Zero   RW         5788    .bss                tpad.o
    0x20006ba0        -       0x00000048   Zero   RW         5937    .bss                usmart_port.o
    0x20006be8   COMPRESSED   0x00000018   PAD
    0x20006c00        -       0x0000a000   Zero   RW         6074    .bss                malloc.o
    0x20010c00        -       0x00000a00   Zero   RW         6075    .bss                malloc.o
    0x20011600        -       0x00000180   Zero   RW         6238    .bss                fattester.o
    0x20011780        -       0x00000021   Zero   RW         6991    .bss                fonts.o
    0x200117a1   COMPRESSED   0x00000003   PAD
    0x200117a4        -       0x0000003c   Zero   RW         7168    .bss                piclib.o
    0x200117e0        -       0x000000e4   Zero   RW         7427    .bss                c_w.l(rand.o)
    0x200118c4        -       0x00000060   Zero   RW         7583    .bss                c_w.l(libspace.o)
    0x20011924   COMPRESSED   0x00000004   PAD
    0x20011928        -       0x00000000   Zero   RW            2    HEAP                startup_stm32f407xx.o
    0x20011928        -       0x00000400   Zero   RW            1    STACK               startup_stm32f407xx.o



  Load Region LR$$.ARM.__AT_0x10000000 (Base: 0x10000000, Size: 0x00000000, Max: 0x0000f000, ABSOLUTE)

    Execution Region ER$$.ARM.__AT_0x10000000 (Exec base: 0x10000000, Load base: 0x10000000, Size: 0x0000f000, Max: 0x0000f000, ABSOLUTE, UNINIT)

    Exec Addr    Load Addr    Size         Type   Attr      Idx    E Section Name        Object

    0x10000000        -       0x0000f000   Zero   RW         6070    .ARM.__AT_0x10000000  malloc.o



  Load Region LR$$.ARM.__AT_0x1000F000 (Base: 0x1000f000, Size: 0x00000000, Max: 0x00000f00, ABSOLUTE)

    Execution Region ER$$.ARM.__AT_0x1000F000 (Exec base: 0x1000f000, Load base: 0x1000f000, Size: 0x00000f00, Max: 0x00000f00, ABSOLUTE, UNINIT)

    Exec Addr    Load Addr    Size         Type   Attr      Idx    E Section Name        Object

    0x1000f000        -       0x00000f00   Zero   RW         6071    .ARM.__AT_0x1000F000  malloc.o



  Load Region LR$$.ARM.__AT_0x68000000 (Base: 0x68000000, Size: 0x00000000, Max: 0x000f0c00, ABSOLUTE)

    Execution Region ER$$.ARM.__AT_0x68000000 (Exec base: 0x68000000, Load base: 0x68000000, Size: 0x000f0c00, Max: 0x000f0c00, ABSOLUTE, UNINIT)

    Exec Addr    Load Addr    Size         Type   Attr      Idx    E Section Name        Object

    0x68000000        -       0x000f0c00   Zero   RW         6072    .ARM.__AT_0x68000000  malloc.o



  Load Region LR$$.ARM.__AT_0x680F0C00 (Base: 0x680f0c00, Size: 0x00000000, Max: 0x0000f0c0, ABSOLUTE)

    Execution Region ER$$.ARM.__AT_0x680F0C00 (Exec base: 0x680f0c00, Load base: 0x680f0c00, Size: 0x0000f0c0, Max: 0x0000f0c0, ABSOLUTE, UNINIT)

    Exec Addr    Load Addr    Size         Type   Attr      Idx    E Section Name        Object

    0x680f0c00        -       0x0000f0c0   Zero   RW         6073    .ARM.__AT_0x680F0C00  malloc.o


==============================================================================

Image component sizes


      Code (inc. data)   RO Data    RW Data    ZI Data      Debug   Object Name

       108         14          0          0          0       1457   beep.o
      1292         18          0          0          0       4765   bmp.o
        80         10          0          4          0       2667   delay.o
       288          6          0          0          0       4766   diskio.o
       210         10        276          8          0       2984   exfuns.o
       244         32          0          0          0       2661   exti.o
       188         36          0          0        384       3080   fattester.o
     10188         96         76         12          0      67901   ff.o
        20          0          0          0          0       1549   ffsystem.o
       888         58        207          0         33       4754   fonts.o
      4034        688        841         40      21712      20332   game.o
      2764         26         40          1          0       9972   gif.o
       124         18          0          4        168       1368   i2s.o
       360         28          0          1          0       1758   key.o
     13734        136      12160          4         94      31603   lcd.o
       108          8          0          0          0        947   led.o
       796        164        129        308          0     744808   main.o
       386         40         36         36    1156544       5799   malloc.o
       360         30        686          0          0       2928   myffunicode.o
       914         56          0          2       4096       7732   norflash.o
       504         50          0          0         60       6529   piclib.o
       428         42          0          0        164       4635   sdio_sdcard.o
       320         36          0          0         88       2987   spi.o
       356         30          0          0         80       1736   sram.o
        76         28        392          0       1024        988   startup_stm32f407xx.o
       150         28          0         12          0       9870   stm32f4xx_hal.o
       198         14          0          0          0      33675   stm32f4xx_hal_cortex.o
       178          0          0          0          0       2003   stm32f4xx_hal_dma.o
       552         50          0          0          0       3875   stm32f4xx_hal_gpio.o
      1344         72          0          0          0       5080   stm32f4xx_hal_rcc.o
      2474         34          0          0          0      10912   stm32f4xx_hal_sd.o
      1100         12          0          0          0       4253   stm32f4xx_hal_spi.o
        86          0          0          0          0       1148   stm32f4xx_hal_sram.o
      1218        130          0          0          0       9235   stm32f4xx_hal_tim.o
      1234         16          0          0          0       8288   stm32f4xx_hal_uart.o
        20          0          0          0          0       4198   stm32f4xx_it.o
       216         12          0          0          0       2547   stm32f4xx_ll_fsmc.o
      1656         46          0          0          0      21859   stm32f4xx_ll_sdmmc.o
       176         14          0          0          0       1187   sys.o
        16          4         24          4          0       1371   system_stm32f4xx.o
       570         14          0          0          0       3686   text.o
      4042         98       1216         12          0      15391   tjpgd.o
       528         64          0          4         88       4189   tpad.o
       338         52          0          8        268       5529   usart.o
      2616       1308         40         28          0       5830   usmart.o
         0          0        417        300          0       1604   usmart_config.o
       252         46          0          0         72       3458   usmart_port.o
      1134         20          0          0          0       8531   usmart_str.o

    ----------------------------------------------------------------------
     58942       3694      16586        792    1184904    1108425   Object Totals
         0          0         32          0          0          0   (incl. Generated)
        74          0         14          4         29          0   (incl. Padding)

    ----------------------------------------------------------------------

      Code (inc. data)   RO Data    RW Data    ZI Data      Debug   Library Member Name

        90          0          0          0          0          0   __dczerorl2.o
         8          0          0          0          0         68   __main.o
       392          4         17          0          0         92   __printf_flags_ss_wp.o
        14          0          0          0          0         68   __printf_wp.o
         0          0          0          0          0          0   __rtentry.o
        12          0          0          0          0          0   __rtentry2.o
         6          0          0          0          0          0   __rtentry4.o
        52          8          0          0          0          0   __scatter.o
        28          0          0          0          0          0   __scatter_zi.o
         6          0          0          0          0          0   _printf_c.o
        44          0          0          0          0        108   _printf_char.o
        48          6          0          0          0         96   _printf_char_common.o
        36          4          0          0          0         80   _printf_char_file.o
         6          0          0          0          0          0   _printf_d.o
       120         16          0          0          0         92   _printf_dec.o
        88          4         40          0          0         88   _printf_hex_int.o
       178          0          0          0          0         88   _printf_intcommon.o
        78          0          0          0          0        108   _printf_pad.o
         0          0          0          0          0          0   _printf_percent.o
         4          0          0          0          0          0   _printf_percent_end.o
         6          0          0          0          0          0   _printf_s.o
        82          0          0          0          0         80   _printf_str.o
         6          0          0          0          0          0   _printf_u.o
         6          0          0          0          0          0   _printf_x.o
        16          0          0          0          0         68   aeabi_memset.o
        12          0          0          0          0         72   exit.o
         8          0          0          0          0         68   ferror.o
         6          0          0          0          0        152   heapauxi.o
         2          0          0          0          0          0   libinit.o
        10          0          0          0          0          0   libinit2.o
         2          0          0          0          0          0   libshutdown.o
         2          0          0          0          0          0   libshutdown2.o
         8          4          0          0         96         68   libspace.o
       238          0          0          0          0        100   lludivv7m.o
        88          0          0          0          0         76   memcmp.o
        24          4          0          0          0         84   noretval__2printf.o
       112         18          0          0        228        160   rand.o
        68          0          0          0          0         68   rt_memclr.o
        78          0          0          0          0         80   rt_memclr_w.o
       138          0          0          0          0         68   rt_memcpy_v6.o
       100          0          0          0          0         80   rt_memcpy_w.o
         2          0          0          0          0          0   rtexit.o
        10          0          0          0          0          0   rtexit2.o
        24          0          0          0          0         68   strcat.o
        20          0          0          0          0         68   strchr.o
       128          0          0          0          0         68   strcmpv7m.o
        72          0          0          0          0         80   strcpy.o
        62          0          0          0          0         76   strlen.o
        74          0          0          0          0         80   sys_stackheap_outer.o
         2          0          0          0          0         68   use_no_semi.o
         2          0          0          0          0         68   use_no_semi_2.o
        90          4          0          0          0        140   dfixu.o
        38          0          0          0          0        116   dflt_clz.o
       340         12          0          0          0        152   dmul.o
       156          4          0          0          0        140   dnaninf.o
        12          0          0          0          0        116   dretinf.o
        10          0          0          0          0        116   fpinit.o
         0          0          0          0          0          0   usenofp.o

    ----------------------------------------------------------------------
      3272         88         60          0        328       3468   Library Totals
         8          0          3          0          4          0   (incl. Padding)

    ----------------------------------------------------------------------

      Code (inc. data)   RO Data    RW Data    ZI Data      Debug   Library Name

      2618         68         57          0        324       2688   c_w.l
       646         20          0          0          0        780   fz_wm.l

    ----------------------------------------------------------------------
      3272         88         60          0        328       3468   Library Totals

    ----------------------------------------------------------------------

==============================================================================


      Code (inc. data)   RO Data    RW Data    ZI Data      Debug   

     62214       3782      16646        792    1185232    1074085   Grand Totals
     62214       3782      16646        264    1185232    1074085   ELF Image Totals (compressed)
     62214       3782      16646        264          0          0   ROM Totals

==============================================================================

    Total RO  Size (Code + RO Data)                78860 (  77.01kB)
    Total RW  Size (RW Data + ZI Data)           1186024 (1158.23kB)
    Total ROM Size (Code + RO Data + RW Data)      79124 (  77.27kB)

==============================================================================

